Component: Arm Compiler for Embedded 6.19 Tool: armlink [5e73cb00]

==============================================================================

Section Cross References

    startup_stm32f10x_hd.o(RESET) refers to startup_stm32f10x_hd.o(STACK) for __initial_sp
    startup_stm32f10x_hd.o(RESET) refers to startup_stm32f10x_hd.o(.text) for Reset_Handler
    startup_stm32f10x_hd.o(RESET) refers to stm32f10x_it.o(.text) for NMI_Handler
    startup_stm32f10x_hd.o(.text) refers to system_stm32f10x.o(.text) for SystemInit
    startup_stm32f10x_hd.o(.text) refers to entry.o(.ARM.Collect$$$$00000000) for __main
    led.o(.text) refers to stm32f10x_rcc.o(.text) for RCC_APB2PeriphClockCmd
    led.o(.text) refers to stm32f10x_gpio.o(.text) for GPIO_Init
    led.o(.ARM.exidx) refers to led.o(.text) for [Anonymous Symbol]
    systick.o(.text) refers to system_stm32f10x.o(.data.SystemCoreClock) for SystemCoreClock
    systick.o(.text) refers to systick.o(.bss.TimeDelayUS) for TimeDelayUS
    systick.o(.ARM.exidx) refers to systick.o(.text) for [Anonymous Symbol]
    key.o(.text) refers to stm32f10x_rcc.o(.text) for RCC_APB2PeriphClockCmd
    key.o(.text) refers to stm32f10x_gpio.o(.text) for GPIO_Init
    key.o(.text) refers to key.o(.rodata.str1.1) for .L__FUNCTION__.Key_Scan
    key.o(.text) refers to printf3.o(i.__0printf$3) for __2printf
    key.o(.text) refers to systick.o(.text) for Delay_Time_MS
    key.o(.ARM.exidx) refers to key.o(.text) for [Anonymous Symbol]
    exti.o(.text) refers to stm32f10x_rcc.o(.text) for RCC_APB2PeriphClockCmd
    exti.o(.text) refers to misc.o(.text) for NVIC_PriorityGroupConfig
    exti.o(.text) refers to stm32f10x_gpio.o(.text) for GPIO_Init
    exti.o(.text) refers to stm32f10x_exti.o(.text) for EXTI_Init
    exti.o(.ARM.exidx) refers to exti.o(.text) for [Anonymous Symbol]
    pwm_output.o(.text) refers to stm32f10x_rcc.o(.text) for RCC_APB1PeriphClockCmd
    pwm_output.o(.text) refers to stm32f10x_gpio.o(.text) for GPIO_Init
    pwm_output.o(.text) refers to stm32f10x_tim.o(.text) for TIM_TimeBaseInit
    pwm_output.o(.ARM.exidx) refers to pwm_output.o(.text) for [Anonymous Symbol]
    usart.o(.text) refers to stm32f10x_rcc.o(.text) for RCC_APB2PeriphClockCmd
    usart.o(.text) refers to stm32f10x_gpio.o(.text) for GPIO_Init
    usart.o(.text) refers to stm32f10x_usart.o(.text) for USART_Init
    usart.o(.ARM.exidx) refers to usart.o(.text) for [Anonymous Symbol]
    pwm_input.o(.text) refers to system_stm32f10x.o(.text) for SystemInit
    pwm_input.o(.text) refers to stm32f10x_rcc.o(.text) for RCC_APB1PeriphClockCmd
    pwm_input.o(.text) refers to stm32f10x_gpio.o(.text) for GPIO_Init
    pwm_input.o(.text) refers to stm32f10x_tim.o(.text) for TIM_ARRPreloadConfig
    pwm_input.o(.text) refers to misc.o(.text) for NVIC_Init
    pwm_input.o(.text) refers to pwm_input.o(.bss.TIM_ICInitStructure) for TIM_ICInitStructure
    pwm_input.o(.ARM.exidx) refers to pwm_input.o(.text) for [Anonymous Symbol]
    main.o(.text) refers to usart.o(.text) for USART_Config
    main.o(.text) refers to main.o(.rodata.str1.1) for .L__FUNCTION__.main
    main.o(.text) refers to printf3.o(i.__0printf$3) for __2printf
    main.o(.text) refers to led.o(.text) for LED_Init
    main.o(.text) refers to systick.o(.text) for SysTick_Init
    main.o(.text) refers to key.o(.text) for Key_GPIO_Init
    main.o(.text) refers to exti.o(.text) for EXTI_PE5_Init
    main.o(.text) refers to pwm_output.o(.text) for TIM3_PWM_Init
    main.o(.text) refers to pwm_input.o(.text) for PWM_InputInit
    main.o(.text) refers to stm32f10x_gpio.o(.text) for GPIO_ReadOutputDataBit
    main.o(.ARM.exidx) refers to main.o(.text) for [Anonymous Symbol]
    stm32f10x_it.o(.text) refers to systick.o(.text) for TimeDelay_Decrement
    stm32f10x_it.o(.text) refers to stm32f10x_exti.o(.text) for EXTI_GetITStatus
    stm32f10x_it.o(.text) refers to stm32f10x_gpio.o(.text) for GPIO_ReadOutputDataBit
    stm32f10x_it.o(.text) refers to stm32f10x_tim.o(.text) for TIM_ClearITPendingBit
    stm32f10x_it.o(.text) refers to stm32f10x_it.o(.bss.IC2Value) for IC2Value
    stm32f10x_it.o(.text) refers to stm32f10x_it.o(.bss.DutyCycle) for DutyCycle
    stm32f10x_it.o(.text) refers to stm32f10x_it.o(.bss.IC2Value1) for IC2Value1
    stm32f10x_it.o(.text) refers to stm32f10x_it.o(.rodata.str1.1) for .L__FUNCTION__.TIM2_IRQHandler
    stm32f10x_it.o(.text) refers to printf3.o(i.__0printf$3) for __2printf
    stm32f10x_it.o(.text) refers to stm32f10x_it.o(.bss.Frequency) for Frequency
    stm32f10x_it.o(.ARM.exidx) refers to stm32f10x_it.o(.text) for [Anonymous Symbol]
    misc.o(.ARM.exidx) refers to misc.o(.text) for [Anonymous Symbol]
    stm32f10x_adc.o(.text) refers to stm32f10x_rcc.o(.text) for RCC_APB2PeriphResetCmd
    stm32f10x_adc.o(.ARM.exidx) refers to stm32f10x_adc.o(.text) for [Anonymous Symbol]
    stm32f10x_bkp.o(.text) refers to stm32f10x_rcc.o(.text) for RCC_BackupResetCmd
    stm32f10x_bkp.o(.ARM.exidx) refers to stm32f10x_bkp.o(.text) for [Anonymous Symbol]
    stm32f10x_can.o(.text) refers to stm32f10x_rcc.o(.text) for RCC_APB1PeriphResetCmd
    stm32f10x_can.o(.ARM.exidx) refers to stm32f10x_can.o(.text) for [Anonymous Symbol]
    stm32f10x_cec.o(.text) refers to stm32f10x_rcc.o(.text) for RCC_APB1PeriphResetCmd
    stm32f10x_cec.o(.ARM.exidx) refers to stm32f10x_cec.o(.text) for [Anonymous Symbol]
    stm32f10x_crc.o(.ARM.exidx) refers to stm32f10x_crc.o(.text) for [Anonymous Symbol]
    stm32f10x_dac.o(.text) refers to stm32f10x_rcc.o(.text) for RCC_APB1PeriphResetCmd
    stm32f10x_dac.o(.ARM.exidx) refers to stm32f10x_dac.o(.text) for [Anonymous Symbol]
    stm32f10x_dbgmcu.o(.ARM.exidx) refers to stm32f10x_dbgmcu.o(.text) for [Anonymous Symbol]
    stm32f10x_dma.o(.text) refers to memseta.o(.text) for __aeabi_memclr4
    stm32f10x_dma.o(.ARM.exidx) refers to stm32f10x_dma.o(.text) for [Anonymous Symbol]
    stm32f10x_exti.o(.ARM.exidx) refers to stm32f10x_exti.o(.text) for [Anonymous Symbol]
    stm32f10x_flash.o(.ARM.exidx) refers to stm32f10x_flash.o(.text) for [Anonymous Symbol]
    stm32f10x_fsmc.o(.ARM.exidx) refers to stm32f10x_fsmc.o(.text) for [Anonymous Symbol]
    stm32f10x_gpio.o(.text) refers to stm32f10x_gpio.o(.rodata..Lswitch.table.GPIO_DeInit.1) for .Lswitch.table.GPIO_DeInit.1
    stm32f10x_gpio.o(.text) refers to stm32f10x_rcc.o(.text) for RCC_APB2PeriphResetCmd
    stm32f10x_gpio.o(.ARM.exidx) refers to stm32f10x_gpio.o(.text) for [Anonymous Symbol]
    stm32f10x_i2c.o(.text) refers to stm32f10x_rcc.o(.text) for RCC_APB1PeriphResetCmd
    stm32f10x_i2c.o(.ARM.exidx) refers to stm32f10x_i2c.o(.text) for [Anonymous Symbol]
    stm32f10x_iwdg.o(.ARM.exidx) refers to stm32f10x_iwdg.o(.text) for [Anonymous Symbol]
    stm32f10x_pwr.o(.text) refers to stm32f10x_rcc.o(.text) for RCC_APB1PeriphResetCmd
    stm32f10x_pwr.o(.ARM.exidx) refers to stm32f10x_pwr.o(.text) for [Anonymous Symbol]
    stm32f10x_rcc.o(.text) refers to stm32f10x_rcc.o(.rodata.APBAHBPrescTable) for APBAHBPrescTable
    stm32f10x_rcc.o(.text) refers to stm32f10x_rcc.o(.rodata.ADCPrescTable) for ADCPrescTable
    stm32f10x_rcc.o(.ARM.exidx) refers to stm32f10x_rcc.o(.text) for [Anonymous Symbol]
    stm32f10x_rtc.o(.ARM.exidx) refers to stm32f10x_rtc.o(.text) for [Anonymous Symbol]
    stm32f10x_sdio.o(.ARM.exidx) refers to stm32f10x_sdio.o(.text) for [Anonymous Symbol]
    stm32f10x_spi.o(.text) refers to stm32f10x_rcc.o(.text) for RCC_APB2PeriphResetCmd
    stm32f10x_spi.o(.ARM.exidx) refers to stm32f10x_spi.o(.text) for [Anonymous Symbol]
    stm32f10x_tim.o(.text) refers to stm32f10x_rcc.o(.text) for RCC_APB2PeriphResetCmd
    stm32f10x_tim.o(.ARM.exidx) refers to stm32f10x_tim.o(.text) for [Anonymous Symbol]
    stm32f10x_usart.o(.text) refers to stm32f10x_rcc.o(.text) for RCC_APB2PeriphResetCmd
    stm32f10x_usart.o(.ARM.exidx) refers to stm32f10x_usart.o(.text) for [Anonymous Symbol]
    stm32f10x_wwdg.o(.text) refers to stm32f10x_rcc.o(.text) for RCC_APB1PeriphResetCmd
    stm32f10x_wwdg.o(.ARM.exidx) refers to stm32f10x_wwdg.o(.text) for [Anonymous Symbol]
    system_stm32f10x.o(.text) refers to system_stm32f10x.o(.data.SystemCoreClock) for SystemCoreClock
    system_stm32f10x.o(.text) refers to system_stm32f10x.o(.rodata.AHBPrescTable) for AHBPrescTable
    system_stm32f10x.o(.ARM.exidx) refers to system_stm32f10x.o(.text) for [Anonymous Symbol]
    entry.o(.ARM.Collect$$$$00000000) refers (Special) to entry10a.o(.ARM.Collect$$$$0000000D) for __rt_final_cpp
    entry.o(.ARM.Collect$$$$00000000) refers (Special) to entry11a.o(.ARM.Collect$$$$0000000F) for __rt_final_exit
    entry.o(.ARM.Collect$$$$00000000) refers (Special) to entry7b.o(.ARM.Collect$$$$00000008) for _main_clock
    entry.o(.ARM.Collect$$$$00000000) refers (Special) to entry8b.o(.ARM.Collect$$$$0000000A) for _main_cpp_init
    entry.o(.ARM.Collect$$$$00000000) refers (Special) to entry9a.o(.ARM.Collect$$$$0000000B) for _main_init
    entry.o(.ARM.Collect$$$$00000000) refers (Special) to entry5.o(.ARM.Collect$$$$00000004) for _main_scatterload
    entry.o(.ARM.Collect$$$$00000000) refers (Special) to entry2.o(.ARM.Collect$$$$00000001) for _main_stk
    printfb.o(i.__0fprintf$bare) refers to printfb.o(i._printf_core) for _printf_core
    printfb.o(i.__0fprintf$bare) refers to usart.o(.text) for fputc
    printfb.o(i.__0printf$bare) refers to printfb.o(i._printf_core) for _printf_core
    printfb.o(i.__0printf$bare) refers to usart.o(.text) for fputc
    printfb.o(i.__0printf$bare) refers to stdout.o(.data) for __stdout
    printfb.o(i.__0snprintf$bare) refers to printfb.o(i._printf_core) for _printf_core
    printfb.o(i.__0snprintf$bare) refers to printfb.o(i._snputc) for _snputc
    printfb.o(i.__0sprintf$bare) refers to printfb.o(i._printf_core) for _printf_core
    printfb.o(i.__0sprintf$bare) refers to printfb.o(i._sputc) for _sputc
    printfb.o(i.__0vfprintf$bare) refers to printfb.o(i._printf_core) for _printf_core
    printfb.o(i.__0vfprintf$bare) refers to usart.o(.text) for fputc
    printfb.o(i.__0vprintf$bare) refers to printfb.o(i._printf_core) for _printf_core
    printfb.o(i.__0vprintf$bare) refers to usart.o(.text) for fputc
    printfb.o(i.__0vprintf$bare) refers to stdout.o(.data) for __stdout
    printfb.o(i.__0vsnprintf$bare) refers to printfb.o(i._printf_core) for _printf_core
    printfb.o(i.__0vsnprintf$bare) refers to printfb.o(i._snputc) for _snputc
    printfb.o(i.__0vsprintf$bare) refers to printfb.o(i._printf_core) for _printf_core
    printfb.o(i.__0vsprintf$bare) refers to printfb.o(i._sputc) for _sputc
    printf0.o(i.__0fprintf$0) refers to printf0.o(i._printf_core) for _printf_core
    printf0.o(i.__0fprintf$0) refers to usart.o(.text) for fputc
    printf0.o(i.__0printf$0) refers to printf0.o(i._printf_core) for _printf_core
    printf0.o(i.__0printf$0) refers to usart.o(.text) for fputc
    printf0.o(i.__0printf$0) refers to stdout.o(.data) for __stdout
    printf0.o(i.__0snprintf$0) refers to printf0.o(i._printf_core) for _printf_core
    printf0.o(i.__0snprintf$0) refers to printf0.o(i._snputc) for _snputc
    printf0.o(i.__0sprintf$0) refers to printf0.o(i._printf_core) for _printf_core
    printf0.o(i.__0sprintf$0) refers to printf0.o(i._sputc) for _sputc
    printf0.o(i.__0vfprintf$0) refers to printf0.o(i._printf_core) for _printf_core
    printf0.o(i.__0vfprintf$0) refers to usart.o(.text) for fputc
    printf0.o(i.__0vprintf$0) refers to printf0.o(i._printf_core) for _printf_core
    printf0.o(i.__0vprintf$0) refers to usart.o(.text) for fputc
    printf0.o(i.__0vprintf$0) refers to stdout.o(.data) for __stdout
    printf0.o(i.__0vsnprintf$0) refers to printf0.o(i._printf_core) for _printf_core
    printf0.o(i.__0vsnprintf$0) refers to printf0.o(i._snputc) for _snputc
    printf0.o(i.__0vsprintf$0) refers to printf0.o(i._printf_core) for _printf_core
    printf0.o(i.__0vsprintf$0) refers to printf0.o(i._sputc) for _sputc
    printf1.o(i.__0fprintf$1) refers to printf1.o(i._printf_core) for _printf_core
    printf1.o(i.__0fprintf$1) refers to usart.o(.text) for fputc
    printf1.o(i.__0printf$1) refers to printf1.o(i._printf_core) for _printf_core
    printf1.o(i.__0printf$1) refers to usart.o(.text) for fputc
    printf1.o(i.__0printf$1) refers to stdout.o(.data) for __stdout
    printf1.o(i.__0snprintf$1) refers to printf1.o(i._printf_core) for _printf_core
    printf1.o(i.__0snprintf$1) refers to printf1.o(i._snputc) for _snputc
    printf1.o(i.__0sprintf$1) refers to printf1.o(i._printf_core) for _printf_core
    printf1.o(i.__0sprintf$1) refers to printf1.o(i._sputc) for _sputc
    printf1.o(i.__0vfprintf$1) refers to printf1.o(i._printf_core) for _printf_core
    printf1.o(i.__0vfprintf$1) refers to usart.o(.text) for fputc
    printf1.o(i.__0vprintf$1) refers to printf1.o(i._printf_core) for _printf_core
    printf1.o(i.__0vprintf$1) refers to usart.o(.text) for fputc
    printf1.o(i.__0vprintf$1) refers to stdout.o(.data) for __stdout
    printf1.o(i.__0vsnprintf$1) refers to printf1.o(i._printf_core) for _printf_core
    printf1.o(i.__0vsnprintf$1) refers to printf1.o(i._snputc) for _snputc
    printf1.o(i.__0vsprintf$1) refers to printf1.o(i._printf_core) for _printf_core
    printf1.o(i.__0vsprintf$1) refers to printf1.o(i._sputc) for _sputc
    printf1.o(i._printf_core) refers to uidiv.o(.text) for __aeabi_uidivmod
    printf2.o(i.__0fprintf$2) refers to printf2.o(i._printf_core) for _printf_core
    printf2.o(i.__0fprintf$2) refers to usart.o(.text) for fputc
    printf2.o(i.__0printf$2) refers to printf2.o(i._printf_core) for _printf_core
    printf2.o(i.__0printf$2) refers to usart.o(.text) for fputc
    printf2.o(i.__0printf$2) refers to stdout.o(.data) for __stdout
    printf2.o(i.__0snprintf$2) refers to printf2.o(i._printf_core) for _printf_core
    printf2.o(i.__0snprintf$2) refers to printf2.o(i._snputc) for _snputc
    printf2.o(i.__0sprintf$2) refers to printf2.o(i._printf_core) for _printf_core
    printf2.o(i.__0sprintf$2) refers to printf2.o(i._sputc) for _sputc
    printf2.o(i.__0vfprintf$2) refers to printf2.o(i._printf_core) for _printf_core
    printf2.o(i.__0vfprintf$2) refers to usart.o(.text) for fputc
    printf2.o(i.__0vprintf$2) refers to printf2.o(i._printf_core) for _printf_core
    printf2.o(i.__0vprintf$2) refers to usart.o(.text) for fputc
    printf2.o(i.__0vprintf$2) refers to stdout.o(.data) for __stdout
    printf2.o(i.__0vsnprintf$2) refers to printf2.o(i._printf_core) for _printf_core
    printf2.o(i.__0vsnprintf$2) refers to printf2.o(i._snputc) for _snputc
    printf2.o(i.__0vsprintf$2) refers to printf2.o(i._printf_core) for _printf_core
    printf2.o(i.__0vsprintf$2) refers to printf2.o(i._sputc) for _sputc
    printf3.o(i.__0fprintf$3) refers to printf3.o(i._printf_core) for _printf_core
    printf3.o(i.__0fprintf$3) refers to usart.o(.text) for fputc
    printf3.o(i.__0printf$3) refers to printf3.o(i._printf_core) for _printf_core
    printf3.o(i.__0printf$3) refers to usart.o(.text) for fputc
    printf3.o(i.__0printf$3) refers to stdout.o(.data) for __stdout
    printf3.o(i.__0snprintf$3) refers to printf3.o(i._printf_core) for _printf_core
    printf3.o(i.__0snprintf$3) refers to printf3.o(i._snputc) for _snputc
    printf3.o(i.__0sprintf$3) refers to printf3.o(i._printf_core) for _printf_core
    printf3.o(i.__0sprintf$3) refers to printf3.o(i._sputc) for _sputc
    printf3.o(i.__0vfprintf$3) refers to printf3.o(i._printf_core) for _printf_core
    printf3.o(i.__0vfprintf$3) refers to usart.o(.text) for fputc
    printf3.o(i.__0vprintf$3) refers to printf3.o(i._printf_core) for _printf_core
    printf3.o(i.__0vprintf$3) refers to usart.o(.text) for fputc
    printf3.o(i.__0vprintf$3) refers to stdout.o(.data) for __stdout
    printf3.o(i.__0vsnprintf$3) refers to printf3.o(i._printf_core) for _printf_core
    printf3.o(i.__0vsnprintf$3) refers to printf3.o(i._snputc) for _snputc
    printf3.o(i.__0vsprintf$3) refers to printf3.o(i._printf_core) for _printf_core
    printf3.o(i.__0vsprintf$3) refers to printf3.o(i._sputc) for _sputc
    printf3.o(i._printf_core) refers to uidiv.o(.text) for __aeabi_uidivmod
    printf4.o(i.__0fprintf$4) refers to printf4.o(i._printf_core) for _printf_core
    printf4.o(i.__0fprintf$4) refers to usart.o(.text) for fputc
    printf4.o(i.__0printf$4) refers to printf4.o(i._printf_core) for _printf_core
    printf4.o(i.__0printf$4) refers to usart.o(.text) for fputc
    printf4.o(i.__0printf$4) refers to stdout.o(.data) for __stdout
    printf4.o(i.__0snprintf$4) refers to printf4.o(i._printf_core) for _printf_core
    printf4.o(i.__0snprintf$4) refers to printf4.o(i._snputc) for _snputc
    printf4.o(i.__0sprintf$4) refers to printf4.o(i._printf_core) for _printf_core
    printf4.o(i.__0sprintf$4) refers to printf4.o(i._sputc) for _sputc
    printf4.o(i.__0vfprintf$4) refers to printf4.o(i._printf_core) for _printf_core
    printf4.o(i.__0vfprintf$4) refers to usart.o(.text) for fputc
    printf4.o(i.__0vprintf$4) refers to printf4.o(i._printf_core) for _printf_core
    printf4.o(i.__0vprintf$4) refers to usart.o(.text) for fputc
    printf4.o(i.__0vprintf$4) refers to stdout.o(.data) for __stdout
    printf4.o(i.__0vsnprintf$4) refers to printf4.o(i._printf_core) for _printf_core
    printf4.o(i.__0vsnprintf$4) refers to printf4.o(i._snputc) for _snputc
    printf4.o(i.__0vsprintf$4) refers to printf4.o(i._printf_core) for _printf_core
    printf4.o(i.__0vsprintf$4) refers to printf4.o(i._sputc) for _sputc
    printf4.o(i._printf_core) refers to uldiv.o(.text) for __aeabi_uldivmod
    printf5.o(i.__0fprintf$5) refers to printf5.o(i._printf_core) for _printf_core
    printf5.o(i.__0fprintf$5) refers to usart.o(.text) for fputc
    printf5.o(i.__0printf$5) refers to printf5.o(i._printf_core) for _printf_core
    printf5.o(i.__0printf$5) refers to usart.o(.text) for fputc
    printf5.o(i.__0printf$5) refers to stdout.o(.data) for __stdout
    printf5.o(i.__0snprintf$5) refers to printf5.o(i._printf_core) for _printf_core
    printf5.o(i.__0snprintf$5) refers to printf5.o(i._snputc) for _snputc
    printf5.o(i.__0sprintf$5) refers to printf5.o(i._printf_core) for _printf_core
    printf5.o(i.__0sprintf$5) refers to printf5.o(i._sputc) for _sputc
    printf5.o(i.__0vfprintf$5) refers to printf5.o(i._printf_core) for _printf_core
    printf5.o(i.__0vfprintf$5) refers to usart.o(.text) for fputc
    printf5.o(i.__0vprintf$5) refers to printf5.o(i._printf_core) for _printf_core
    printf5.o(i.__0vprintf$5) refers to usart.o(.text) for fputc
    printf5.o(i.__0vprintf$5) refers to stdout.o(.data) for __stdout
    printf5.o(i.__0vsnprintf$5) refers to printf5.o(i._printf_core) for _printf_core
    printf5.o(i.__0vsnprintf$5) refers to printf5.o(i._snputc) for _snputc
    printf5.o(i.__0vsprintf$5) refers to printf5.o(i._printf_core) for _printf_core
    printf5.o(i.__0vsprintf$5) refers to printf5.o(i._sputc) for _sputc
    printf5.o(i._printf_core) refers to uldiv.o(.text) for __aeabi_uldivmod
    printf6.o(i.__0fprintf$6) refers to printf6.o(i._printf_core) for _printf_core
    printf6.o(i.__0fprintf$6) refers to usart.o(.text) for fputc
    printf6.o(i.__0printf$6) refers to printf6.o(i._printf_core) for _printf_core
    printf6.o(i.__0printf$6) refers to usart.o(.text) for fputc
    printf6.o(i.__0printf$6) refers to stdout.o(.data) for __stdout
    printf6.o(i.__0snprintf$6) refers to printf6.o(i._printf_core) for _printf_core
    printf6.o(i.__0snprintf$6) refers to printf6.o(i._snputc) for _snputc
    printf6.o(i.__0sprintf$6) refers to printf6.o(i._printf_core) for _printf_core
    printf6.o(i.__0sprintf$6) refers to printf6.o(i._sputc) for _sputc
    printf6.o(i.__0vfprintf$6) refers to printf6.o(i._printf_core) for _printf_core
    printf6.o(i.__0vfprintf$6) refers to usart.o(.text) for fputc
    printf6.o(i.__0vprintf$6) refers to printf6.o(i._printf_core) for _printf_core
    printf6.o(i.__0vprintf$6) refers to usart.o(.text) for fputc
    printf6.o(i.__0vprintf$6) refers to stdout.o(.data) for __stdout
    printf6.o(i.__0vsnprintf$6) refers to printf6.o(i._printf_core) for _printf_core
    printf6.o(i.__0vsnprintf$6) refers to printf6.o(i._snputc) for _snputc
    printf6.o(i.__0vsprintf$6) refers to printf6.o(i._printf_core) for _printf_core
    printf6.o(i.__0vsprintf$6) refers to printf6.o(i._sputc) for _sputc
    printf6.o(i._printf_core) refers to printf6.o(i._printf_pre_padding) for _printf_pre_padding
    printf6.o(i._printf_core) refers to uidiv.o(.text) for __aeabi_uidivmod
    printf6.o(i._printf_core) refers to printf6.o(i._printf_post_padding) for _printf_post_padding
    printf7.o(i.__0fprintf$7) refers to printf7.o(i._printf_core) for _printf_core
    printf7.o(i.__0fprintf$7) refers to usart.o(.text) for fputc
    printf7.o(i.__0printf$7) refers to printf7.o(i._printf_core) for _printf_core
    printf7.o(i.__0printf$7) refers to usart.o(.text) for fputc
    printf7.o(i.__0printf$7) refers to stdout.o(.data) for __stdout
    printf7.o(i.__0snprintf$7) refers to printf7.o(i._printf_core) for _printf_core
    printf7.o(i.__0snprintf$7) refers to printf7.o(i._snputc) for _snputc
    printf7.o(i.__0sprintf$7) refers to printf7.o(i._printf_core) for _printf_core
    printf7.o(i.__0sprintf$7) refers to printf7.o(i._sputc) for _sputc
    printf7.o(i.__0vfprintf$7) refers to printf7.o(i._printf_core) for _printf_core
    printf7.o(i.__0vfprintf$7) refers to usart.o(.text) for fputc
    printf7.o(i.__0vprintf$7) refers to printf7.o(i._printf_core) for _printf_core
    printf7.o(i.__0vprintf$7) refers to usart.o(.text) for fputc
    printf7.o(i.__0vprintf$7) refers to stdout.o(.data) for __stdout
    printf7.o(i.__0vsnprintf$7) refers to printf7.o(i._printf_core) for _printf_core
    printf7.o(i.__0vsnprintf$7) refers to printf7.o(i._snputc) for _snputc
    printf7.o(i.__0vsprintf$7) refers to printf7.o(i._printf_core) for _printf_core
    printf7.o(i.__0vsprintf$7) refers to printf7.o(i._sputc) for _sputc
    printf7.o(i._printf_core) refers to printf7.o(i._printf_pre_padding) for _printf_pre_padding
    printf7.o(i._printf_core) refers to uldiv.o(.text) for __aeabi_uldivmod
    printf7.o(i._printf_core) refers to printf7.o(i._printf_post_padding) for _printf_post_padding
    printf8.o(i.__0fprintf$8) refers to printf8.o(i._printf_core) for _printf_core
    printf8.o(i.__0fprintf$8) refers to usart.o(.text) for fputc
    printf8.o(i.__0printf$8) refers to printf8.o(i._printf_core) for _printf_core
    printf8.o(i.__0printf$8) refers to usart.o(.text) for fputc
    printf8.o(i.__0printf$8) refers to stdout.o(.data) for __stdout
    printf8.o(i.__0snprintf$8) refers to printf8.o(i._printf_core) for _printf_core
    printf8.o(i.__0snprintf$8) refers to printf8.o(i._snputc) for _snputc
    printf8.o(i.__0sprintf$8) refers to printf8.o(i._printf_core) for _printf_core
    printf8.o(i.__0sprintf$8) refers to printf8.o(i._sputc) for _sputc
    printf8.o(i.__0vfprintf$8) refers to printf8.o(i._printf_core) for _printf_core
    printf8.o(i.__0vfprintf$8) refers to usart.o(.text) for fputc
    printf8.o(i.__0vprintf$8) refers to printf8.o(i._printf_core) for _printf_core
    printf8.o(i.__0vprintf$8) refers to usart.o(.text) for fputc
    printf8.o(i.__0vprintf$8) refers to stdout.o(.data) for __stdout
    printf8.o(i.__0vsnprintf$8) refers to printf8.o(i._printf_core) for _printf_core
    printf8.o(i.__0vsnprintf$8) refers to printf8.o(i._snputc) for _snputc
    printf8.o(i.__0vsprintf$8) refers to printf8.o(i._printf_core) for _printf_core
    printf8.o(i.__0vsprintf$8) refers to printf8.o(i._sputc) for _sputc
    printf8.o(i._printf_core) refers to printf8.o(i._printf_pre_padding) for _printf_pre_padding
    printf8.o(i._printf_core) refers to uldiv.o(.text) for __aeabi_uldivmod
    printf8.o(i._printf_core) refers to printf8.o(i._printf_post_padding) for _printf_post_padding
    printfa.o(i.__0fprintf) refers (Special) to iusefp.o(.text) for __I$use$fp
    printfa.o(i.__0fprintf) refers to printfa.o(i._printf_core) for _printf_core
    printfa.o(i.__0fprintf) refers to usart.o(.text) for fputc
    printfa.o(i.__0printf) refers (Special) to iusefp.o(.text) for __I$use$fp
    printfa.o(i.__0printf) refers to printfa.o(i._printf_core) for _printf_core
    printfa.o(i.__0printf) refers to usart.o(.text) for fputc
    printfa.o(i.__0printf) refers to stdout.o(.data) for __stdout
    printfa.o(i.__0snprintf) refers (Special) to iusefp.o(.text) for __I$use$fp
    printfa.o(i.__0snprintf) refers to printfa.o(i._printf_core) for _printf_core
    printfa.o(i.__0snprintf) refers to printfa.o(i._snputc) for _snputc
    printfa.o(i.__0sprintf) refers (Special) to iusefp.o(.text) for __I$use$fp
    printfa.o(i.__0sprintf) refers to printfa.o(i._printf_core) for _printf_core
    printfa.o(i.__0sprintf) refers to printfa.o(i._sputc) for _sputc
    printfa.o(i.__0vfprintf) refers (Special) to iusefp.o(.text) for __I$use$fp
    printfa.o(i.__0vfprintf) refers to printfa.o(i._printf_core) for _printf_core
    printfa.o(i.__0vfprintf) refers to usart.o(.text) for fputc
    printfa.o(i.__0vprintf) refers (Special) to iusefp.o(.text) for __I$use$fp
    printfa.o(i.__0vprintf) refers to printfa.o(i._printf_core) for _printf_core
    printfa.o(i.__0vprintf) refers to usart.o(.text) for fputc
    printfa.o(i.__0vprintf) refers to stdout.o(.data) for __stdout
    printfa.o(i.__0vsnprintf) refers (Special) to iusefp.o(.text) for __I$use$fp
    printfa.o(i.__0vsnprintf) refers to printfa.o(i._printf_core) for _printf_core
    printfa.o(i.__0vsnprintf) refers to printfa.o(i._snputc) for _snputc
    printfa.o(i.__0vsprintf) refers (Special) to iusefp.o(.text) for __I$use$fp
    printfa.o(i.__0vsprintf) refers to printfa.o(i._printf_core) for _printf_core
    printfa.o(i.__0vsprintf) refers to printfa.o(i._sputc) for _sputc
    printfa.o(i._fp_digits) refers (Special) to iusefp.o(.text) for __I$use$fp
    printfa.o(i._fp_digits) refers to dmul.o(.text) for __aeabi_dmul
    printfa.o(i._fp_digits) refers to ddiv.o(.text) for __aeabi_ddiv
    printfa.o(i._fp_digits) refers to cdrcmple.o(.text) for __aeabi_cdrcmple
    printfa.o(i._fp_digits) refers to dadd.o(.text) for __aeabi_dadd
    printfa.o(i._fp_digits) refers to dfixul.o(.text) for __aeabi_d2ulz
    printfa.o(i._fp_digits) refers to uldiv.o(.text) for __aeabi_uldivmod
    printfa.o(i._printf_core) refers (Special) to iusefp.o(.text) for __I$use$fp
    printfa.o(i._printf_core) refers to printfa.o(i._printf_pre_padding) for _printf_pre_padding
    printfa.o(i._printf_core) refers to uldiv.o(.text) for __aeabi_uldivmod
    printfa.o(i._printf_core) refers to printfa.o(i._printf_post_padding) for _printf_post_padding
    printfa.o(i._printf_core) refers to printfa.o(i._fp_digits) for _fp_digits
    printfa.o(i._printf_core) refers to uidiv.o(.text) for __aeabi_uidivmod
    printfa.o(i._printf_post_padding) refers (Special) to iusefp.o(.text) for __I$use$fp
    printfa.o(i._printf_pre_padding) refers (Special) to iusefp.o(.text) for __I$use$fp
    printfa.o(i._snputc) refers (Special) to iusefp.o(.text) for __I$use$fp
    printfa.o(i._sputc) refers (Special) to iusefp.o(.text) for __I$use$fp
    entry2.o(.ARM.Collect$$$$00000001) refers to entry2.o(.ARM.Collect$$$$00002712) for __lit__00000000
    entry2.o(.ARM.Collect$$$$00002712) refers to startup_stm32f10x_hd.o(STACK) for __initial_sp
    entry2.o(__vectab_stack_and_reset_area) refers to startup_stm32f10x_hd.o(STACK) for __initial_sp
    entry2.o(__vectab_stack_and_reset_area) refers to entry.o(.ARM.Collect$$$$00000000) for __main
    entry5.o(.ARM.Collect$$$$00000004) refers to init.o(.text) for __scatterload
    entry9a.o(.ARM.Collect$$$$0000000B) refers to main.o(.text) for main
    entry9b.o(.ARM.Collect$$$$0000000C) refers to main.o(.text) for main
    uldiv.o(.text) refers to llushr.o(.text) for __aeabi_llsr
    uldiv.o(.text) refers to llshl.o(.text) for __aeabi_llsl
    dadd.o(.text) refers (Special) to iusefp.o(.text) for __I$use$fp
    dadd.o(.text) refers to llshl.o(.text) for __aeabi_llsl
    dadd.o(.text) refers to llsshr.o(.text) for __aeabi_lasr
    dadd.o(.text) refers to depilogue.o(.text) for _double_epilogue
    dmul.o(.text) refers (Special) to iusefp.o(.text) for __I$use$fp
    dmul.o(.text) refers to depilogue.o(.text) for _double_epilogue
    ddiv.o(.text) refers (Special) to iusefp.o(.text) for __I$use$fp
    ddiv.o(.text) refers to depilogue.o(.text) for _double_round
    dfixul.o(.text) refers (Special) to iusefp.o(.text) for __I$use$fp
    dfixul.o(.text) refers to llushr.o(.text) for __aeabi_llsr
    dfixul.o(.text) refers to llshl.o(.text) for __aeabi_llsl
    cdrcmple.o(.text) refers (Special) to iusefp.o(.text) for __I$use$fp
    init.o(.text) refers to entry5.o(.ARM.Collect$$$$00000004) for __main_after_scatterload
    depilogue.o(.text) refers (Special) to iusefp.o(.text) for __I$use$fp
    depilogue.o(.text) refers to llshl.o(.text) for __aeabi_llsl
    depilogue.o(.text) refers to llushr.o(.text) for __aeabi_llsr


==============================================================================

Removing Unused input sections from the image.

    Removing startup_stm32f10x_hd.o(HEAP), (512 bytes).
    Removing led.o(.ARM.exidx), (8 bytes).
    Removing systick.o(.ARM.exidx), (32 bytes).
    Removing key.o(.ARM.exidx), (24 bytes).
    Removing exti.o(.ARM.exidx), (8 bytes).
    Removing pwm_output.o(.ARM.exidx), (8 bytes).
    Removing usart.o(.ARM.exidx), (24 bytes).
    Removing pwm_input.o(.ARM.exidx), (40 bytes).
    Removing main.o(.ARM.exidx), (8 bytes).
    Removing main.o(.ARM.use_no_argv), (4 bytes).
    Removing stm32f10x_it.o(.ARM.exidx), (88 bytes).
    Removing misc.o(.ARM.exidx), (40 bytes).
    Removing stm32f10x_adc.o(.text), (860 bytes).
    Removing stm32f10x_adc.o(.ARM.exidx), (288 bytes).
    Removing stm32f10x_bkp.o(.text), (230 bytes).
    Removing stm32f10x_bkp.o(.ARM.exidx), (96 bytes).
    Removing stm32f10x_can.o(.text), (1998 bytes).
    Removing stm32f10x_can.o(.ARM.exidx), (192 bytes).
    Removing stm32f10x_cec.o(.text), (314 bytes).
    Removing stm32f10x_cec.o(.ARM.exidx), (112 bytes).
    Removing stm32f10x_crc.o(.text), (96 bytes).
    Removing stm32f10x_crc.o(.ARM.exidx), (48 bytes).
    Removing stm32f10x_dac.o(.text), (364 bytes).
    Removing stm32f10x_dac.o(.ARM.exidx), (96 bytes).
    Removing stm32f10x_dbgmcu.o(.text), (56 bytes).
    Removing stm32f10x_dbgmcu.o(.ARM.exidx), (24 bytes).
    Removing stm32f10x_dma.o(.text), (484 bytes).
    Removing stm32f10x_dma.o(.ARM.exidx), (88 bytes).
    Removing stm32f10x_exti.o(.ARM.exidx), (64 bytes).
    Removing stm32f10x_flash.o(.text), (4326 bytes).
    Removing stm32f10x_flash.o(.ARM.exidx), (224 bytes).
    Removing stm32f10x_fsmc.o(.text), (1206 bytes).
    Removing stm32f10x_fsmc.o(.ARM.exidx), (152 bytes).
    Removing stm32f10x_gpio.o(.ARM.exidx), (144 bytes).
    Removing stm32f10x_i2c.o(.text), (842 bytes).
    Removing stm32f10x_i2c.o(.ARM.exidx), (264 bytes).
    Removing stm32f10x_iwdg.o(.text), (86 bytes).
    Removing stm32f10x_iwdg.o(.ARM.exidx), (48 bytes).
    Removing stm32f10x_pwr.o(.text), (226 bytes).
    Removing stm32f10x_pwr.o(.ARM.exidx), (72 bytes).
    Removing stm32f10x_rcc.o(.ARM.exidx), (256 bytes).
    Removing stm32f10x_rtc.o(.text), (342 bytes).
    Removing stm32f10x_rtc.o(.ARM.exidx), (112 bytes).
    Removing stm32f10x_sdio.o(.text), (592 bytes).
    Removing stm32f10x_sdio.o(.ARM.exidx), (240 bytes).
    Removing stm32f10x_spi.o(.text), (636 bytes).
    Removing stm32f10x_spi.o(.ARM.exidx), (184 bytes).
    Removing stm32f10x_tim.o(.ARM.exidx), (696 bytes).
    Removing stm32f10x_usart.o(.ARM.exidx), (232 bytes).
    Removing stm32f10x_wwdg.o(.text), (166 bytes).
    Removing stm32f10x_wwdg.o(.ARM.exidx), (64 bytes).
    Removing system_stm32f10x.o(.ARM.exidx), (16 bytes).
    Removing dadd.o(.text), (334 bytes).
    Removing dmul.o(.text), (228 bytes).
    Removing ddiv.o(.text), (222 bytes).
    Removing dfixul.o(.text), (48 bytes).
    Removing cdrcmple.o(.text), (48 bytes).
    Removing depilogue.o(.text), (186 bytes).

58 unused section(s) (total 18398 bytes) removed from the image.

==============================================================================

Image Symbol Table

    Local Symbols

    Symbol Name                              Value     Ov Type        Size  Object(Section)

    ../CMSIS/startup/startup_stm32f10x_hd.s  0x00000000   Number         0  startup_stm32f10x_hd.o ABSOLUTE
    ../clib/division.s                       0x00000000   Number         0  aeabi_sdiv.o ABSOLUTE
    ../clib/microlib/division.c              0x00000000   Number         0  uidiv.o ABSOLUTE
    ../clib/microlib/division.c              0x00000000   Number         0  uldiv.o ABSOLUTE
    ../clib/microlib/init/entry.s            0x00000000   Number         0  entry.o ABSOLUTE
    ../clib/microlib/init/entry.s            0x00000000   Number         0  entry2.o ABSOLUTE
    ../clib/microlib/init/entry.s            0x00000000   Number         0  entry5.o ABSOLUTE
    ../clib/microlib/init/entry.s            0x00000000   Number         0  entry7a.o ABSOLUTE
    ../clib/microlib/init/entry.s            0x00000000   Number         0  entry7b.o ABSOLUTE
    ../clib/microlib/init/entry.s            0x00000000   Number         0  entry8a.o ABSOLUTE
    ../clib/microlib/init/entry.s            0x00000000   Number         0  entry8b.o ABSOLUTE
    ../clib/microlib/init/entry.s            0x00000000   Number         0  entry9a.o ABSOLUTE
    ../clib/microlib/init/entry.s            0x00000000   Number         0  entry9b.o ABSOLUTE
    ../clib/microlib/init/entry.s            0x00000000   Number         0  entry10a.o ABSOLUTE
    ../clib/microlib/init/entry.s            0x00000000   Number         0  entry10b.o ABSOLUTE
    ../clib/microlib/init/entry.s            0x00000000   Number         0  entry11a.o ABSOLUTE
    ../clib/microlib/init/entry.s            0x00000000   Number         0  entry11b.o ABSOLUTE
    ../clib/microlib/longlong.c              0x00000000   Number         0  llshl.o ABSOLUTE
    ../clib/microlib/longlong.c              0x00000000   Number         0  llushr.o ABSOLUTE
    ../clib/microlib/longlong.c              0x00000000   Number         0  llsshr.o ABSOLUTE
    ../clib/microlib/printf/printf.c         0x00000000   Number         0  printfb.o ABSOLUTE
    ../clib/microlib/printf/printf.c         0x00000000   Number         0  printf0.o ABSOLUTE
    ../clib/microlib/printf/printf.c         0x00000000   Number         0  printf1.o ABSOLUTE
    ../clib/microlib/printf/printf.c         0x00000000   Number         0  printf2.o ABSOLUTE
    ../clib/microlib/printf/printf.c         0x00000000   Number         0  printf3.o ABSOLUTE
    ../clib/microlib/printf/printf.c         0x00000000   Number         0  printf4.o ABSOLUTE
    ../clib/microlib/printf/printf.c         0x00000000   Number         0  printf5.o ABSOLUTE
    ../clib/microlib/printf/printf.c         0x00000000   Number         0  printf6.o ABSOLUTE
    ../clib/microlib/printf/printf.c         0x00000000   Number         0  printf7.o ABSOLUTE
    ../clib/microlib/printf/printf.c         0x00000000   Number         0  printf8.o ABSOLUTE
    ../clib/microlib/printf/printf.c         0x00000000   Number         0  printfa.o ABSOLUTE
    ../clib/microlib/printf/stubs.s          0x00000000   Number         0  printfstubs.o ABSOLUTE
    ../clib/microlib/stdio/streams.c         0x00000000   Number         0  stdout.o ABSOLUTE
    ../clib/microlib/string/memset.c         0x00000000   Number         0  memseta.o ABSOLUTE
    ../clib/microlib/stubs.s                 0x00000000   Number         0  iusefp.o ABSOLUTE
    ../fplib/microlib/fpadd.c                0x00000000   Number         0  dadd.o ABSOLUTE
    ../fplib/microlib/fpdiv.c                0x00000000   Number         0  ddiv.o ABSOLUTE
    ../fplib/microlib/fpepilogue.c           0x00000000   Number         0  depilogue.o ABSOLUTE
    ../fplib/microlib/fpfix.c                0x00000000   Number         0  dfixul.o ABSOLUTE
    ../fplib/microlib/fpmul.c                0x00000000   Number         0  dmul.o ABSOLUTE
    SysTick.c                                0x00000000   Number         0  systick.o ABSOLUTE
    cdrcmple.s                               0x00000000   Number         0  cdrcmple.o ABSOLUTE
    dc.s                                     0x00000000   Number         0  dc.o ABSOLUTE
    exti.c                                   0x00000000   Number         0  exti.o ABSOLUTE
    handlers.s                               0x00000000   Number         0  handlers.o ABSOLUTE
    init.s                                   0x00000000   Number         0  init.o ABSOLUTE
    key.c                                    0x00000000   Number         0  key.o ABSOLUTE
    led.c                                    0x00000000   Number         0  led.o ABSOLUTE
    main.c                                   0x00000000   Number         0  main.o ABSOLUTE
    misc.c                                   0x00000000   Number         0  misc.o ABSOLUTE
    pwm_input.c                              0x00000000   Number         0  pwm_input.o ABSOLUTE
    pwm_output.c                             0x00000000   Number         0  pwm_output.o ABSOLUTE
    stm32f10x_adc.c                          0x00000000   Number         0  stm32f10x_adc.o ABSOLUTE
    stm32f10x_bkp.c                          0x00000000   Number         0  stm32f10x_bkp.o ABSOLUTE
    stm32f10x_can.c                          0x00000000   Number         0  stm32f10x_can.o ABSOLUTE
    stm32f10x_cec.c                          0x00000000   Number         0  stm32f10x_cec.o ABSOLUTE
    stm32f10x_crc.c                          0x00000000   Number         0  stm32f10x_crc.o ABSOLUTE
    stm32f10x_dac.c                          0x00000000   Number         0  stm32f10x_dac.o ABSOLUTE
    stm32f10x_dbgmcu.c                       0x00000000   Number         0  stm32f10x_dbgmcu.o ABSOLUTE
    stm32f10x_dma.c                          0x00000000   Number         0  stm32f10x_dma.o ABSOLUTE
    stm32f10x_exti.c                         0x00000000   Number         0  stm32f10x_exti.o ABSOLUTE
    stm32f10x_flash.c                        0x00000000   Number         0  stm32f10x_flash.o ABSOLUTE
    stm32f10x_fsmc.c                         0x00000000   Number         0  stm32f10x_fsmc.o ABSOLUTE
    stm32f10x_gpio.c                         0x00000000   Number         0  stm32f10x_gpio.o ABSOLUTE
    stm32f10x_i2c.c                          0x00000000   Number         0  stm32f10x_i2c.o ABSOLUTE
    stm32f10x_it.c                           0x00000000   Number         0  stm32f10x_it.o ABSOLUTE
    stm32f10x_iwdg.c                         0x00000000   Number         0  stm32f10x_iwdg.o ABSOLUTE
    stm32f10x_pwr.c                          0x00000000   Number         0  stm32f10x_pwr.o ABSOLUTE
    stm32f10x_rcc.c                          0x00000000   Number         0  stm32f10x_rcc.o ABSOLUTE
    stm32f10x_rtc.c                          0x00000000   Number         0  stm32f10x_rtc.o ABSOLUTE
    stm32f10x_sdio.c                         0x00000000   Number         0  stm32f10x_sdio.o ABSOLUTE
    stm32f10x_spi.c                          0x00000000   Number         0  stm32f10x_spi.o ABSOLUTE
    stm32f10x_tim.c                          0x00000000   Number         0  stm32f10x_tim.o ABSOLUTE
    stm32f10x_usart.c                        0x00000000   Number         0  stm32f10x_usart.o ABSOLUTE
    stm32f10x_wwdg.c                         0x00000000   Number         0  stm32f10x_wwdg.o ABSOLUTE
    system_stm32f10x.c                       0x00000000   Number         0  system_stm32f10x.o ABSOLUTE
    usart.c                                  0x00000000   Number         0  usart.o ABSOLUTE
    RESET                                    0x08000000   Section      304  startup_stm32f10x_hd.o(RESET)
    .ARM.Collect$$$$00000000                 0x08000130   Section        0  entry.o(.ARM.Collect$$$$00000000)
    .ARM.Collect$$$$00000001                 0x08000130   Section        4  entry2.o(.ARM.Collect$$$$00000001)
    .ARM.Collect$$$$00000004                 0x08000134   Section        4  entry5.o(.ARM.Collect$$$$00000004)
    .ARM.Collect$$$$00000008                 0x08000138   Section        0  entry7b.o(.ARM.Collect$$$$00000008)
    .ARM.Collect$$$$0000000A                 0x08000138   Section        0  entry8b.o(.ARM.Collect$$$$0000000A)
    .ARM.Collect$$$$0000000B                 0x08000138   Section        8  entry9a.o(.ARM.Collect$$$$0000000B)
    __lit__00000000                          0x08000140   Data           4  entry2.o(.ARM.Collect$$$$00002712)
    .ARM.Collect$$$$0000000D                 0x08000140   Section        0  entry10a.o(.ARM.Collect$$$$0000000D)
    .ARM.Collect$$$$0000000F                 0x08000140   Section        0  entry11a.o(.ARM.Collect$$$$0000000F)
    .ARM.Collect$$$$00002712                 0x08000140   Section        4  entry2.o(.ARM.Collect$$$$00002712)
    .text                                    0x08000144   Section       36  startup_stm32f10x_hd.o(.text)
    [Anonymous Symbol]                       0x08000168   Section        0  led.o(.text)
    [Anonymous Symbol]                       0x08000190   Section        0  systick.o(.text)
    [Anonymous Symbol]                       0x0800024c   Section        0  key.o(.text)
    [Anonymous Symbol]                       0x0800030c   Section        0  exti.o(.text)
    [Anonymous Symbol]                       0x0800036c   Section        0  pwm_output.o(.text)
    [Anonymous Symbol]                       0x08000448   Section        0  usart.o(.text)
    [Anonymous Symbol]                       0x0800060c   Section        0  pwm_input.o(.text)
    [Anonymous Symbol]                       0x08000718   Section        0  main.o(.text)
    [Anonymous Symbol]                       0x08000808   Section        0  stm32f10x_it.o(.text)
    [Anonymous Symbol]                       0x0800095c   Section        0  misc.o(.text)
    [Anonymous Symbol]                       0x08000a18   Section        0  stm32f10x_exti.o(.text)
    [Anonymous Symbol]                       0x08000b0c   Section        0  stm32f10x_gpio.o(.text)
    [Anonymous Symbol]                       0x08000d58   Section        0  stm32f10x_rcc.o(.text)
    [Anonymous Symbol]                       0x080010c4   Section        0  stm32f10x_tim.o(.text)
    [Anonymous Symbol]                       0x0800204c   Section        0  stm32f10x_usart.o(.text)
    [Anonymous Symbol]                       0x080023b8   Section        0  system_stm32f10x.o(.text)
    .text                                    0x08002536   Section        0  uidiv.o(.text)
    .text                                    0x08002564   Section       36  init.o(.text)
    i.__0printf$3                            0x08002588   Section        0  printf3.o(i.__0printf$3)
    i.__scatterload_copy                     0x080025a8   Section       14  handlers.o(i.__scatterload_copy)
    i.__scatterload_null                     0x080025b6   Section        2  handlers.o(i.__scatterload_null)
    i.__scatterload_zeroinit                 0x080025b8   Section       14  handlers.o(i.__scatterload_zeroinit)
    _printf_core                             0x080025c9   Thumb Code   436  printf3.o(i._printf_core)
    i._printf_core                           0x080025c8   Section        0  printf3.o(i._printf_core)
    .Lswitch.table.GPIO_DeInit.1             0x08002780   Data          28  stm32f10x_gpio.o(.rodata..Lswitch.table.GPIO_DeInit.1)
    ADCPrescTable                            0x0800279c   Data           4  stm32f10x_rcc.o(.rodata.ADCPrescTable)
    [Anonymous Symbol]                       0x0800279c   Section        0  stm32f10x_rcc.o(.rodata.ADCPrescTable)
    APBAHBPrescTable                         0x080027b0   Data          16  stm32f10x_rcc.o(.rodata.APBAHBPrescTable)
    [Anonymous Symbol]                       0x080027b0   Section        0  stm32f10x_rcc.o(.rodata.APBAHBPrescTable)
    .L__FUNCTION__.Key_Scan                  0x080027c0   Data           9  key.o(.rodata.str1.1)
    [Anonymous Symbol]                       0x080027c0   Section        0  key.o(.rodata.str1.1)
    .L.str.3                                 0x080027c9   Data          25  main.o(.rodata.str1.1)
    [Anonymous Symbol]                       0x080027c9   Section        0  main.o(.rodata.str1.1)
    .L__FUNCTION__.main                      0x080027e2   Data           5  main.o(.rodata.str1.1)
    .L__FUNCTION__.TIM2_IRQHandler           0x080027e7   Data          16  stm32f10x_it.o(.rodata.str1.1)
    [Anonymous Symbol]                       0x080027e7   Section        0  stm32f10x_it.o(.rodata.str1.1)
    .data                                    0x20000000   Section        4  stdout.o(.data)
    TimeDelayUS                              0x2000001c   Data           4  systick.o(.bss.TimeDelayUS)
    [Anonymous Symbol]                       0x2000001c   Section        0  systick.o(.bss.TimeDelayUS)
    STACK                                    0x20000020   Section     1024  startup_stm32f10x_hd.o(STACK)

    Global Symbols

    Symbol Name                              Value     Ov Type        Size  Object(Section)

    BuildAttributes$$THM_ISAv4$P$D$K$B$S$PE$A:L22UL41UL21$X:L11$S22US41US21$IEEE1$IW$~IW$USESV6$~STKCKD$USESV7$~SHL$OTIME$ROPI$EBA8$MICROLIB$REQ8$PRES8$EABIv2 0x00000000   Number         0  anon$$obj.o ABSOLUTE
    _printf_a                                0x00000000   Number         0  printfstubs.o ABSOLUTE
    _printf_c                                0x00000000   Number         0  printfstubs.o ABSOLUTE
    _printf_charcount                        0x00000000   Number         0  printfstubs.o ABSOLUTE
    _printf_d                                0x00000000   Number         0  printfstubs.o ABSOLUTE
    _printf_e                                0x00000000   Number         0  printfstubs.o ABSOLUTE
    _printf_f                                0x00000000   Number         0  printfstubs.o ABSOLUTE
    _printf_flags                            0x00000000   Number         0  printfstubs.o ABSOLUTE
    _printf_fp_dec                           0x00000000   Number         0  printfstubs.o ABSOLUTE
    _printf_fp_hex                           0x00000000   Number         0  printfstubs.o ABSOLUTE
    _printf_g                                0x00000000   Number         0  printfstubs.o ABSOLUTE
    _printf_i                                0x00000000   Number         0  printfstubs.o ABSOLUTE
    _printf_int_dec                          0x00000000   Number         0  printfstubs.o ABSOLUTE
    _printf_l                                0x00000000   Number         0  printfstubs.o ABSOLUTE
    _printf_lc                               0x00000000   Number         0  printfstubs.o ABSOLUTE
    _printf_ll                               0x00000000   Number         0  printfstubs.o ABSOLUTE
    _printf_lld                              0x00000000   Number         0  printfstubs.o ABSOLUTE
    _printf_lli                              0x00000000   Number         0  printfstubs.o ABSOLUTE
    _printf_llo                              0x00000000   Number         0  printfstubs.o ABSOLUTE
    _printf_llu                              0x00000000   Number         0  printfstubs.o ABSOLUTE
    _printf_llx                              0x00000000   Number         0  printfstubs.o ABSOLUTE
    _printf_longlong_dec                     0x00000000   Number         0  printfstubs.o ABSOLUTE
    _printf_longlong_hex                     0x00000000   Number         0  printfstubs.o ABSOLUTE
    _printf_longlong_oct                     0x00000000   Number         0  printfstubs.o ABSOLUTE
    _printf_ls                               0x00000000   Number         0  printfstubs.o ABSOLUTE
    _printf_mbtowc                           0x00000000   Number         0  printfstubs.o ABSOLUTE
    _printf_n                                0x00000000   Number         0  printfstubs.o ABSOLUTE
    _printf_o                                0x00000000   Number         0  printfstubs.o ABSOLUTE
    _printf_p                                0x00000000   Number         0  printfstubs.o ABSOLUTE
    _printf_percent                          0x00000000   Number         0  printfstubs.o ABSOLUTE
    _printf_pre_padding                      0x00000000   Number         0  printfstubs.o ABSOLUTE
    _printf_return_value                     0x00000000   Number         0  printfstubs.o ABSOLUTE
    _printf_s                                0x00000000   Number         0  printfstubs.o ABSOLUTE
    _printf_sizespec                         0x00000000   Number         0  printfstubs.o ABSOLUTE
    _printf_str                              0x00000000   Number         0  printfstubs.o ABSOLUTE
    _printf_truncate_signed                  0x00000000   Number         0  printfstubs.o ABSOLUTE
    _printf_truncate_unsigned                0x00000000   Number         0  printfstubs.o ABSOLUTE
    _printf_u                                0x00000000   Number         0  printfstubs.o ABSOLUTE
    _printf_wc                               0x00000000   Number         0  printfstubs.o ABSOLUTE
    _printf_wctomb                           0x00000000   Number         0  printfstubs.o ABSOLUTE
    _printf_widthprec                        0x00000000   Number         0  printfstubs.o ABSOLUTE
    _printf_x                                0x00000000   Number         0  printfstubs.o ABSOLUTE
    __cpp_initialize__aeabi_                  - Undefined Weak Reference
    __cxa_finalize                            - Undefined Weak Reference
    __decompress                              - Undefined Weak Reference
    _clock_init                               - Undefined Weak Reference
    _microlib_exit                            - Undefined Weak Reference
    __Vectors_Size                           0x00000130   Number         0  startup_stm32f10x_hd.o ABSOLUTE
    __Vectors                                0x08000000   Data           4  startup_stm32f10x_hd.o(RESET)
    __Vectors_End                            0x08000130   Data           0  startup_stm32f10x_hd.o(RESET)
    __main                                   0x08000131   Thumb Code     0  entry.o(.ARM.Collect$$$$00000000)
    _main_stk                                0x08000131   Thumb Code     0  entry2.o(.ARM.Collect$$$$00000001)
    _main_scatterload                        0x08000135   Thumb Code     0  entry5.o(.ARM.Collect$$$$00000004)
    __main_after_scatterload                 0x08000139   Thumb Code     0  entry5.o(.ARM.Collect$$$$00000004)
    _main_clock                              0x08000139   Thumb Code     0  entry7b.o(.ARM.Collect$$$$00000008)
    _main_cpp_init                           0x08000139   Thumb Code     0  entry8b.o(.ARM.Collect$$$$0000000A)
    _main_init                               0x08000139   Thumb Code     0  entry9a.o(.ARM.Collect$$$$0000000B)
    __rt_final_cpp                           0x08000141   Thumb Code     0  entry10a.o(.ARM.Collect$$$$0000000D)
    __rt_final_exit                          0x08000141   Thumb Code     0  entry11a.o(.ARM.Collect$$$$0000000F)
    Reset_Handler                            0x08000145   Thumb Code     8  startup_stm32f10x_hd.o(.text)
    ADC1_2_IRQHandler                        0x0800015f   Thumb Code     0  startup_stm32f10x_hd.o(.text)
    ADC3_IRQHandler                          0x0800015f   Thumb Code     0  startup_stm32f10x_hd.o(.text)
    CAN1_RX1_IRQHandler                      0x0800015f   Thumb Code     0  startup_stm32f10x_hd.o(.text)
    CAN1_SCE_IRQHandler                      0x0800015f   Thumb Code     0  startup_stm32f10x_hd.o(.text)
    DMA1_Channel1_IRQHandler                 0x0800015f   Thumb Code     0  startup_stm32f10x_hd.o(.text)
    DMA1_Channel2_IRQHandler                 0x0800015f   Thumb Code     0  startup_stm32f10x_hd.o(.text)
    DMA1_Channel3_IRQHandler                 0x0800015f   Thumb Code     0  startup_stm32f10x_hd.o(.text)
    DMA1_Channel4_IRQHandler                 0x0800015f   Thumb Code     0  startup_stm32f10x_hd.o(.text)
    DMA1_Channel5_IRQHandler                 0x0800015f   Thumb Code     0  startup_stm32f10x_hd.o(.text)
    DMA1_Channel6_IRQHandler                 0x0800015f   Thumb Code     0  startup_stm32f10x_hd.o(.text)
    DMA1_Channel7_IRQHandler                 0x0800015f   Thumb Code     0  startup_stm32f10x_hd.o(.text)
    DMA2_Channel1_IRQHandler                 0x0800015f   Thumb Code     0  startup_stm32f10x_hd.o(.text)
    DMA2_Channel2_IRQHandler                 0x0800015f   Thumb Code     0  startup_stm32f10x_hd.o(.text)
    DMA2_Channel3_IRQHandler                 0x0800015f   Thumb Code     0  startup_stm32f10x_hd.o(.text)
    DMA2_Channel4_5_IRQHandler               0x0800015f   Thumb Code     0  startup_stm32f10x_hd.o(.text)
    EXTI0_IRQHandler                         0x0800015f   Thumb Code     0  startup_stm32f10x_hd.o(.text)
    EXTI15_10_IRQHandler                     0x0800015f   Thumb Code     0  startup_stm32f10x_hd.o(.text)
    EXTI1_IRQHandler                         0x0800015f   Thumb Code     0  startup_stm32f10x_hd.o(.text)
    EXTI2_IRQHandler                         0x0800015f   Thumb Code     0  startup_stm32f10x_hd.o(.text)
    EXTI3_IRQHandler                         0x0800015f   Thumb Code     0  startup_stm32f10x_hd.o(.text)
    EXTI4_IRQHandler                         0x0800015f   Thumb Code     0  startup_stm32f10x_hd.o(.text)
    FLASH_IRQHandler                         0x0800015f   Thumb Code     0  startup_stm32f10x_hd.o(.text)
    FSMC_IRQHandler                          0x0800015f   Thumb Code     0  startup_stm32f10x_hd.o(.text)
    I2C1_ER_IRQHandler                       0x0800015f   Thumb Code     0  startup_stm32f10x_hd.o(.text)
    I2C1_EV_IRQHandler                       0x0800015f   Thumb Code     0  startup_stm32f10x_hd.o(.text)
    I2C2_ER_IRQHandler                       0x0800015f   Thumb Code     0  startup_stm32f10x_hd.o(.text)
    I2C2_EV_IRQHandler                       0x0800015f   Thumb Code     0  startup_stm32f10x_hd.o(.text)
    PVD_IRQHandler                           0x0800015f   Thumb Code     0  startup_stm32f10x_hd.o(.text)
    RCC_IRQHandler                           0x0800015f   Thumb Code     0  startup_stm32f10x_hd.o(.text)
    RTCAlarm_IRQHandler                      0x0800015f   Thumb Code     0  startup_stm32f10x_hd.o(.text)
    RTC_IRQHandler                           0x0800015f   Thumb Code     0  startup_stm32f10x_hd.o(.text)
    SDIO_IRQHandler                          0x0800015f   Thumb Code     0  startup_stm32f10x_hd.o(.text)
    SPI1_IRQHandler                          0x0800015f   Thumb Code     0  startup_stm32f10x_hd.o(.text)
    SPI2_IRQHandler                          0x0800015f   Thumb Code     0  startup_stm32f10x_hd.o(.text)
    SPI3_IRQHandler                          0x0800015f   Thumb Code     0  startup_stm32f10x_hd.o(.text)
    TAMPER_IRQHandler                        0x0800015f   Thumb Code     0  startup_stm32f10x_hd.o(.text)
    TIM1_BRK_IRQHandler                      0x0800015f   Thumb Code     0  startup_stm32f10x_hd.o(.text)
    TIM1_CC_IRQHandler                       0x0800015f   Thumb Code     0  startup_stm32f10x_hd.o(.text)
    TIM1_TRG_COM_IRQHandler                  0x0800015f   Thumb Code     0  startup_stm32f10x_hd.o(.text)
    TIM1_UP_IRQHandler                       0x0800015f   Thumb Code     0  startup_stm32f10x_hd.o(.text)
    TIM3_IRQHandler                          0x0800015f   Thumb Code     0  startup_stm32f10x_hd.o(.text)
    TIM4_IRQHandler                          0x0800015f   Thumb Code     0  startup_stm32f10x_hd.o(.text)
    TIM5_IRQHandler                          0x0800015f   Thumb Code     0  startup_stm32f10x_hd.o(.text)
    TIM6_IRQHandler                          0x0800015f   Thumb Code     0  startup_stm32f10x_hd.o(.text)
    TIM7_IRQHandler                          0x0800015f   Thumb Code     0  startup_stm32f10x_hd.o(.text)
    TIM8_BRK_IRQHandler                      0x0800015f   Thumb Code     0  startup_stm32f10x_hd.o(.text)
    TIM8_CC_IRQHandler                       0x0800015f   Thumb Code     0  startup_stm32f10x_hd.o(.text)
    TIM8_TRG_COM_IRQHandler                  0x0800015f   Thumb Code     0  startup_stm32f10x_hd.o(.text)
    TIM8_UP_IRQHandler                       0x0800015f   Thumb Code     0  startup_stm32f10x_hd.o(.text)
    UART4_IRQHandler                         0x0800015f   Thumb Code     0  startup_stm32f10x_hd.o(.text)
    UART5_IRQHandler                         0x0800015f   Thumb Code     0  startup_stm32f10x_hd.o(.text)
    USART1_IRQHandler                        0x0800015f   Thumb Code     0  startup_stm32f10x_hd.o(.text)
    USART2_IRQHandler                        0x0800015f   Thumb Code     0  startup_stm32f10x_hd.o(.text)
    USART3_IRQHandler                        0x0800015f   Thumb Code     0  startup_stm32f10x_hd.o(.text)
    USBWakeUp_IRQHandler                     0x0800015f   Thumb Code     0  startup_stm32f10x_hd.o(.text)
    USB_HP_CAN1_TX_IRQHandler                0x0800015f   Thumb Code     0  startup_stm32f10x_hd.o(.text)
    USB_LP_CAN1_RX0_IRQHandler               0x0800015f   Thumb Code     0  startup_stm32f10x_hd.o(.text)
    WWDG_IRQHandler                          0x0800015f   Thumb Code     0  startup_stm32f10x_hd.o(.text)
    LED_Init                                 0x08000169   Thumb Code    38  led.o(.text)
    SysTick_Init                             0x08000191   Thumb Code    72  systick.o(.text)
    Delay_Time_US                            0x080001d9   Thumb Code    42  systick.o(.text)
    Delay_Time_MS                            0x08000205   Thumb Code    46  systick.o(.text)
    TimeDelay_Decrement                      0x08000235   Thumb Code    24  systick.o(.text)
    Delay                                    0x0800024d   Thumb Code    24  key.o(.text)
    Key_GPIO_Init                            0x08000265   Thumb Code    42  key.o(.text)
    Key_Scan                                 0x08000291   Thumb Code    80  key.o(.text)
    EXTI_PE5_Init                            0x0800030d   Thumb Code    94  exti.o(.text)
    TIM3_PWM_Init                            0x0800036d   Thumb Code   218  pwm_output.o(.text)
    USART_Config                             0x08000449   Thumb Code   108  usart.o(.text)
    fputc                                    0x080004b5   Thumb Code    36  usart.o(.text)
    USART1_printf                            0x080004d9   Thumb Code   306  usart.o(.text)
    RCC_Configuration                        0x0800060d   Thumb Code    26  pwm_input.o(.text)
    GPIO_Configuration                       0x08000629   Thumb Code    30  pwm_input.o(.text)
    TIM_Configuration                        0x08000649   Thumb Code    38  pwm_input.o(.text)
    NVIC_Configuration                       0x08000671   Thumb Code    22  pwm_input.o(.text)
    PWM_InputInit                            0x08000689   Thumb Code   144  pwm_input.o(.text)
    main                                     0x08000719   Thumb Code   152  main.o(.text)
    NMI_Handler                              0x08000809   Thumb Code     2  stm32f10x_it.o(.text)
    HardFault_Handler                        0x0800080d   Thumb Code     2  stm32f10x_it.o(.text)
    MemManage_Handler                        0x08000811   Thumb Code     2  stm32f10x_it.o(.text)
    BusFault_Handler                         0x08000815   Thumb Code     2  stm32f10x_it.o(.text)
    UsageFault_Handler                       0x08000819   Thumb Code     2  stm32f10x_it.o(.text)
    SVC_Handler                              0x0800081d   Thumb Code     2  stm32f10x_it.o(.text)
    DebugMon_Handler                         0x08000821   Thumb Code     2  stm32f10x_it.o(.text)
    PendSV_Handler                           0x08000825   Thumb Code     2  stm32f10x_it.o(.text)
    SysTick_Handler                          0x08000829   Thumb Code     4  stm32f10x_it.o(.text)
    EXTI9_5_IRQHandler                       0x0800082d   Thumb Code    54  stm32f10x_it.o(.text)
    TIM2_IRQHandler                          0x08000865   Thumb Code   164  stm32f10x_it.o(.text)
    NVIC_PriorityGroupConfig                 0x0800095d   Thumb Code    20  misc.o(.text)
    NVIC_Init                                0x08000971   Thumb Code    94  misc.o(.text)
    NVIC_SetVectorTable                      0x080009d1   Thumb Code    24  misc.o(.text)
    NVIC_SystemLPConfig                      0x080009e9   Thumb Code    24  misc.o(.text)
    SysTick_CLKSourceConfig                  0x08000a01   Thumb Code    24  misc.o(.text)
    EXTI_DeInit                              0x08000a19   Thumb Code    30  stm32f10x_exti.o(.text)
    EXTI_Init                                0x08000a39   Thumb Code   104  stm32f10x_exti.o(.text)
    EXTI_StructInit                          0x08000aa1   Thumb Code    14  stm32f10x_exti.o(.text)
    EXTI_GenerateSWInterrupt                 0x08000ab1   Thumb Code    16  stm32f10x_exti.o(.text)
    EXTI_GetFlagStatus                       0x08000ac1   Thumb Code    18  stm32f10x_exti.o(.text)
    EXTI_ClearFlag                           0x08000ad5   Thumb Code    12  stm32f10x_exti.o(.text)
    EXTI_GetITStatus                         0x08000ae1   Thumb Code    30  stm32f10x_exti.o(.text)
    EXTI_ClearITPendingBit                   0x08000b01   Thumb Code    12  stm32f10x_exti.o(.text)
    GPIO_DeInit                              0x08000b0d   Thumb Code    52  stm32f10x_gpio.o(.text)
    GPIO_AFIODeInit                          0x08000b41   Thumb Code    22  stm32f10x_gpio.o(.text)
    GPIO_Init                                0x08000b59   Thumb Code   192  stm32f10x_gpio.o(.text)
    GPIO_StructInit                          0x08000c19   Thumb Code    12  stm32f10x_gpio.o(.text)
    GPIO_ReadInputDataBit                    0x08000c25   Thumb Code    10  stm32f10x_gpio.o(.text)
    GPIO_ReadInputData                       0x08000c31   Thumb Code     6  stm32f10x_gpio.o(.text)
    GPIO_ReadOutputDataBit                   0x08000c39   Thumb Code    10  stm32f10x_gpio.o(.text)
    GPIO_ReadOutputData                      0x08000c45   Thumb Code     6  stm32f10x_gpio.o(.text)
    GPIO_SetBits                             0x08000c4d   Thumb Code     4  stm32f10x_gpio.o(.text)
    GPIO_ResetBits                           0x08000c51   Thumb Code     4  stm32f10x_gpio.o(.text)
    GPIO_WriteBit                            0x08000c55   Thumb Code    12  stm32f10x_gpio.o(.text)
    GPIO_Write                               0x08000c61   Thumb Code     4  stm32f10x_gpio.o(.text)
    GPIO_PinLockConfig                       0x08000c65   Thumb Code    16  stm32f10x_gpio.o(.text)
    GPIO_EventOutputConfig                   0x08000c75   Thumb Code    30  stm32f10x_gpio.o(.text)
    GPIO_EventOutputCmd                      0x08000c95   Thumb Code    10  stm32f10x_gpio.o(.text)
    GPIO_PinRemapConfig                      0x08000ca1   Thumb Code   122  stm32f10x_gpio.o(.text)
    GPIO_EXTILineConfig                      0x08000d1d   Thumb Code    46  stm32f10x_gpio.o(.text)
    GPIO_ETH_MediaInterfaceConfig            0x08000d4d   Thumb Code    10  stm32f10x_gpio.o(.text)
    RCC_DeInit                               0x08000d59   Thumb Code    66  stm32f10x_rcc.o(.text)
    RCC_HSEConfig                            0x08000d9d   Thumb Code    50  stm32f10x_rcc.o(.text)
    RCC_WaitForHSEStartUp                    0x08000dd1   Thumb Code    48  stm32f10x_rcc.o(.text)
    RCC_GetFlagStatus                        0x08000e01   Thumb Code    38  stm32f10x_rcc.o(.text)
    RCC_AdjustHSICalibrationValue            0x08000e29   Thumb Code    22  stm32f10x_rcc.o(.text)
    RCC_HSICmd                               0x08000e41   Thumb Code    10  stm32f10x_rcc.o(.text)
    RCC_PLLConfig                            0x08000e4d   Thumb Code    22  stm32f10x_rcc.o(.text)
    RCC_PLLCmd                               0x08000e65   Thumb Code    10  stm32f10x_rcc.o(.text)
    RCC_SYSCLKConfig                         0x08000e71   Thumb Code    20  stm32f10x_rcc.o(.text)
    RCC_GetSYSCLKSource                      0x08000e85   Thumb Code    16  stm32f10x_rcc.o(.text)
    RCC_HCLKConfig                           0x08000e95   Thumb Code    20  stm32f10x_rcc.o(.text)
    RCC_PCLK1Config                          0x08000ea9   Thumb Code    20  stm32f10x_rcc.o(.text)
    RCC_PCLK2Config                          0x08000ebd   Thumb Code    22  stm32f10x_rcc.o(.text)
    RCC_ITConfig                             0x08000ed5   Thumb Code    24  stm32f10x_rcc.o(.text)
    RCC_USBCLKConfig                         0x08000eed   Thumb Code    10  stm32f10x_rcc.o(.text)
    RCC_ADCCLKConfig                         0x08000ef9   Thumb Code    20  stm32f10x_rcc.o(.text)
    RCC_LSEConfig                            0x08000f0d   Thumb Code    30  stm32f10x_rcc.o(.text)
    RCC_LSICmd                               0x08000f2d   Thumb Code    12  stm32f10x_rcc.o(.text)
    RCC_RTCCLKConfig                         0x08000f39   Thumb Code    16  stm32f10x_rcc.o(.text)
    RCC_RTCCLKCmd                            0x08000f49   Thumb Code    12  stm32f10x_rcc.o(.text)
    RCC_GetClocksFreq                        0x08000f55   Thumb Code   160  stm32f10x_rcc.o(.text)
    RCC_AHBPeriphClockCmd                    0x08000ff5   Thumb Code    24  stm32f10x_rcc.o(.text)
    RCC_APB2PeriphClockCmd                   0x0800100d   Thumb Code    24  stm32f10x_rcc.o(.text)
    RCC_APB1PeriphClockCmd                   0x08001025   Thumb Code    24  stm32f10x_rcc.o(.text)
    RCC_APB2PeriphResetCmd                   0x0800103d   Thumb Code    24  stm32f10x_rcc.o(.text)
    RCC_APB1PeriphResetCmd                   0x08001055   Thumb Code    24  stm32f10x_rcc.o(.text)
    RCC_BackupResetCmd                       0x0800106d   Thumb Code    12  stm32f10x_rcc.o(.text)
    RCC_ClockSecuritySystemCmd               0x08001079   Thumb Code    10  stm32f10x_rcc.o(.text)
    RCC_MCOConfig                            0x08001085   Thumb Code    12  stm32f10x_rcc.o(.text)
    RCC_ClearFlag                            0x08001091   Thumb Code    18  stm32f10x_rcc.o(.text)
    RCC_GetITStatus                          0x080010a5   Thumb Code    18  stm32f10x_rcc.o(.text)
    RCC_ClearITPendingBit                    0x080010b9   Thumb Code    12  stm32f10x_rcc.o(.text)
    TIM_DeInit                               0x080010c5   Thumb Code   560  stm32f10x_tim.o(.text)
    TIM_TimeBaseInit                         0x080012f5   Thumb Code   170  stm32f10x_tim.o(.text)
    TIM_OC1Init                              0x080013a1   Thumb Code   112  stm32f10x_tim.o(.text)
    TIM_OC2Init                              0x08001411   Thumb Code   116  stm32f10x_tim.o(.text)
    TIM_OC3Init                              0x08001485   Thumb Code   116  stm32f10x_tim.o(.text)
    TIM_OC4Init                              0x080014f9   Thumb Code    92  stm32f10x_tim.o(.text)
    TIM_ICInit                               0x08001555   Thumb Code   672  stm32f10x_tim.o(.text)
    TIM_SetIC1Prescaler                      0x080017f5   Thumb Code    16  stm32f10x_tim.o(.text)
    TIM_SetIC2Prescaler                      0x08001805   Thumb Code    18  stm32f10x_tim.o(.text)
    TIM_SetIC3Prescaler                      0x08001819   Thumb Code    16  stm32f10x_tim.o(.text)
    TIM_SetIC4Prescaler                      0x08001829   Thumb Code    18  stm32f10x_tim.o(.text)
    TIM_PWMIConfig                           0x0800183d   Thumb Code   596  stm32f10x_tim.o(.text)
    TIM_BDTRConfig                           0x08001a91   Thumb Code    40  stm32f10x_tim.o(.text)
    TIM_TimeBaseStructInit                   0x08001ab9   Thumb Code    20  stm32f10x_tim.o(.text)
    TIM_OCStructInit                         0x08001acd   Thumb Code    12  stm32f10x_tim.o(.text)
    TIM_ICStructInit                         0x08001ad9   Thumb Code    12  stm32f10x_tim.o(.text)
    TIM_BDTRStructInit                       0x08001ae5   Thumb Code    12  stm32f10x_tim.o(.text)
    TIM_Cmd                                  0x08001af1   Thumb Code    18  stm32f10x_tim.o(.text)
    TIM_CtrlPWMOutputs                       0x08001b05   Thumb Code    24  stm32f10x_tim.o(.text)
    TIM_ITConfig                             0x08001b1d   Thumb Code    16  stm32f10x_tim.o(.text)
    TIM_GenerateEvent                        0x08001b2d   Thumb Code     4  stm32f10x_tim.o(.text)
    TIM_DMAConfig                            0x08001b31   Thumb Code     8  stm32f10x_tim.o(.text)
    TIM_DMACmd                               0x08001b39   Thumb Code    16  stm32f10x_tim.o(.text)
    TIM_InternalClockConfig                  0x08001b49   Thumb Code    10  stm32f10x_tim.o(.text)
    TIM_ITRxExternalClockConfig              0x08001b55   Thumb Code    20  stm32f10x_tim.o(.text)
    TIM_SelectInputTrigger                   0x08001b69   Thumb Code    12  stm32f10x_tim.o(.text)
    TIM_TIxExternalClockConfig               0x08001b75   Thumb Code   280  stm32f10x_tim.o(.text)
    TIM_ETRClockMode1Config                  0x08001c8d   Thumb Code    30  stm32f10x_tim.o(.text)
    TIM_ETRConfig                            0x08001cad   Thumb Code    22  stm32f10x_tim.o(.text)
    TIM_ETRClockMode2Config                  0x08001cc5   Thumb Code    30  stm32f10x_tim.o(.text)
    TIM_PrescalerConfig                      0x08001ce5   Thumb Code     6  stm32f10x_tim.o(.text)
    TIM_CounterModeConfig                    0x08001ced   Thumb Code    12  stm32f10x_tim.o(.text)
    TIM_EncoderInterfaceConfig               0x08001cf9   Thumb Code    48  stm32f10x_tim.o(.text)
    TIM_ForcedOC1Config                      0x08001d29   Thumb Code    12  stm32f10x_tim.o(.text)
    TIM_ForcedOC2Config                      0x08001d35   Thumb Code    14  stm32f10x_tim.o(.text)
    TIM_ForcedOC3Config                      0x08001d45   Thumb Code    12  stm32f10x_tim.o(.text)
    TIM_ForcedOC4Config                      0x08001d51   Thumb Code    14  stm32f10x_tim.o(.text)
    TIM_ARRPreloadConfig                     0x08001d61   Thumb Code    20  stm32f10x_tim.o(.text)
    TIM_SelectCOM                            0x08001d75   Thumb Code    20  stm32f10x_tim.o(.text)
    TIM_SelectCCDMA                          0x08001d89   Thumb Code    20  stm32f10x_tim.o(.text)
    TIM_CCPreloadControl                     0x08001d9d   Thumb Code    18  stm32f10x_tim.o(.text)
    TIM_OC1PreloadConfig                     0x08001db1   Thumb Code    12  stm32f10x_tim.o(.text)
    TIM_OC2PreloadConfig                     0x08001dbd   Thumb Code    14  stm32f10x_tim.o(.text)
    TIM_OC3PreloadConfig                     0x08001dcd   Thumb Code    12  stm32f10x_tim.o(.text)
    TIM_OC4PreloadConfig                     0x08001dd9   Thumb Code    14  stm32f10x_tim.o(.text)
    TIM_OC1FastConfig                        0x08001de9   Thumb Code    12  stm32f10x_tim.o(.text)
    TIM_OC2FastConfig                        0x08001df5   Thumb Code    14  stm32f10x_tim.o(.text)
    TIM_OC3FastConfig                        0x08001e05   Thumb Code    12  stm32f10x_tim.o(.text)
    TIM_OC4FastConfig                        0x08001e11   Thumb Code    14  stm32f10x_tim.o(.text)
    TIM_ClearOC1Ref                          0x08001e21   Thumb Code    12  stm32f10x_tim.o(.text)
    TIM_ClearOC2Ref                          0x08001e2d   Thumb Code    14  stm32f10x_tim.o(.text)
    TIM_ClearOC3Ref                          0x08001e3d   Thumb Code    12  stm32f10x_tim.o(.text)
    TIM_ClearOC4Ref                          0x08001e49   Thumb Code    14  stm32f10x_tim.o(.text)
    TIM_OC1PolarityConfig                    0x08001e59   Thumb Code    12  stm32f10x_tim.o(.text)
    TIM_OC1NPolarityConfig                   0x08001e65   Thumb Code    12  stm32f10x_tim.o(.text)
    TIM_OC2PolarityConfig                    0x08001e71   Thumb Code    14  stm32f10x_tim.o(.text)
    TIM_OC2NPolarityConfig                   0x08001e81   Thumb Code    14  stm32f10x_tim.o(.text)
    TIM_OC3PolarityConfig                    0x08001e91   Thumb Code    14  stm32f10x_tim.o(.text)
    TIM_OC3NPolarityConfig                   0x08001ea1   Thumb Code    14  stm32f10x_tim.o(.text)
    TIM_OC4PolarityConfig                    0x08001eb1   Thumb Code    14  stm32f10x_tim.o(.text)
    TIM_CCxCmd                               0x08001ec1   Thumb Code    32  stm32f10x_tim.o(.text)
    TIM_CCxNCmd                              0x08001ee1   Thumb Code    32  stm32f10x_tim.o(.text)
    TIM_SelectOCxM                           0x08001f01   Thumb Code    82  stm32f10x_tim.o(.text)
    TIM_UpdateDisableConfig                  0x08001f55   Thumb Code    20  stm32f10x_tim.o(.text)
    TIM_UpdateRequestConfig                  0x08001f69   Thumb Code    20  stm32f10x_tim.o(.text)
    TIM_SelectHallSensor                     0x08001f7d   Thumb Code    20  stm32f10x_tim.o(.text)
    TIM_SelectOnePulseMode                   0x08001f91   Thumb Code    16  stm32f10x_tim.o(.text)
    TIM_SelectOutputTrigger                  0x08001fa1   Thumb Code    16  stm32f10x_tim.o(.text)
    TIM_SelectSlaveMode                      0x08001fb1   Thumb Code    16  stm32f10x_tim.o(.text)
    TIM_SelectMasterSlaveMode                0x08001fc1   Thumb Code    16  stm32f10x_tim.o(.text)
    TIM_SetCounter                           0x08001fd1   Thumb Code     4  stm32f10x_tim.o(.text)
    TIM_SetAutoreload                        0x08001fd5   Thumb Code     4  stm32f10x_tim.o(.text)
    TIM_SetCompare1                          0x08001fd9   Thumb Code     4  stm32f10x_tim.o(.text)
    TIM_SetCompare2                          0x08001fdd   Thumb Code     4  stm32f10x_tim.o(.text)
    TIM_SetCompare3                          0x08001fe1   Thumb Code     4  stm32f10x_tim.o(.text)
    TIM_SetCompare4                          0x08001fe5   Thumb Code     6  stm32f10x_tim.o(.text)
    TIM_SetClockDivision                     0x08001fed   Thumb Code    16  stm32f10x_tim.o(.text)
    TIM_GetCapture1                          0x08001ffd   Thumb Code     4  stm32f10x_tim.o(.text)
    TIM_GetCapture2                          0x08002001   Thumb Code     4  stm32f10x_tim.o(.text)
    TIM_GetCapture3                          0x08002005   Thumb Code     4  stm32f10x_tim.o(.text)
    TIM_GetCapture4                          0x08002009   Thumb Code     6  stm32f10x_tim.o(.text)
    TIM_GetCounter                           0x08002011   Thumb Code     4  stm32f10x_tim.o(.text)
    TIM_GetPrescaler                         0x08002015   Thumb Code     4  stm32f10x_tim.o(.text)
    TIM_GetFlagStatus                        0x08002019   Thumb Code    10  stm32f10x_tim.o(.text)
    TIM_ClearFlag                            0x08002025   Thumb Code     6  stm32f10x_tim.o(.text)
    TIM_GetITStatus                          0x0800202d   Thumb Code    24  stm32f10x_tim.o(.text)
    TIM_ClearITPendingBit                    0x08002045   Thumb Code     6  stm32f10x_tim.o(.text)
    USART_DeInit                             0x0800204d   Thumb Code   174  stm32f10x_usart.o(.text)
    USART_Init                               0x080020fd   Thumb Code   182  stm32f10x_usart.o(.text)
    USART_StructInit                         0x080021b5   Thumb Code    18  stm32f10x_usart.o(.text)
    USART_ClockInit                          0x080021c9   Thumb Code    34  stm32f10x_usart.o(.text)
    USART_ClockStructInit                    0x080021ed   Thumb Code     8  stm32f10x_usart.o(.text)
    USART_Cmd                                0x080021f5   Thumb Code    20  stm32f10x_usart.o(.text)
    USART_ITConfig                           0x08002209   Thumb Code    46  stm32f10x_usart.o(.text)
    USART_DMACmd                             0x08002239   Thumb Code    16  stm32f10x_usart.o(.text)
    USART_SetAddress                         0x08002249   Thumb Code    16  stm32f10x_usart.o(.text)
    USART_WakeUpConfig                       0x08002259   Thumb Code    16  stm32f10x_usart.o(.text)
    USART_ReceiverWakeUpCmd                  0x08002269   Thumb Code    20  stm32f10x_usart.o(.text)
    USART_LINBreakDetectLengthConfig         0x0800227d   Thumb Code    16  stm32f10x_usart.o(.text)
    USART_LINCmd                             0x0800228d   Thumb Code    20  stm32f10x_usart.o(.text)
    USART_SendData                           0x080022a1   Thumb Code     8  stm32f10x_usart.o(.text)
    USART_ReceiveData                        0x080022a9   Thumb Code     8  stm32f10x_usart.o(.text)
    USART_SendBreak                          0x080022b1   Thumb Code    10  stm32f10x_usart.o(.text)
    USART_SetGuardTime                       0x080022bd   Thumb Code    16  stm32f10x_usart.o(.text)
    USART_SetPrescaler                       0x080022cd   Thumb Code    16  stm32f10x_usart.o(.text)
    USART_SmartCardCmd                       0x080022dd   Thumb Code    20  stm32f10x_usart.o(.text)
    USART_SmartCardNACKCmd                   0x080022f1   Thumb Code    20  stm32f10x_usart.o(.text)
    USART_HalfDuplexCmd                      0x08002305   Thumb Code    20  stm32f10x_usart.o(.text)
    USART_OverSampling8Cmd                   0x08002319   Thumb Code    20  stm32f10x_usart.o(.text)
    USART_OneBitMethodCmd                    0x0800232d   Thumb Code    20  stm32f10x_usart.o(.text)
    USART_IrDAConfig                         0x08002341   Thumb Code    16  stm32f10x_usart.o(.text)
    USART_IrDACmd                            0x08002351   Thumb Code    20  stm32f10x_usart.o(.text)
    USART_GetFlagStatus                      0x08002365   Thumb Code    10  stm32f10x_usart.o(.text)
    USART_ClearFlag                          0x08002371   Thumb Code     6  stm32f10x_usart.o(.text)
    USART_GetITStatus                        0x08002379   Thumb Code    48  stm32f10x_usart.o(.text)
    USART_ClearITPendingBit                  0x080023a9   Thumb Code    14  stm32f10x_usart.o(.text)
    SystemInit                               0x080023b9   Thumb Code   272  system_stm32f10x.o(.text)
    SystemCoreClockUpdate                    0x080024c9   Thumb Code   110  system_stm32f10x.o(.text)
    __aeabi_uidiv                            0x08002537   Thumb Code     0  uidiv.o(.text)
    __aeabi_uidivmod                         0x08002537   Thumb Code    44  uidiv.o(.text)
    __scatterload                            0x08002565   Thumb Code    28  init.o(.text)
    __scatterload_rt2                        0x08002565   Thumb Code     0  init.o(.text)
    __0printf$3                              0x08002589   Thumb Code    22  printf3.o(i.__0printf$3)
    __1printf$3                              0x08002589   Thumb Code     0  printf3.o(i.__0printf$3)
    __2printf                                0x08002589   Thumb Code     0  printf3.o(i.__0printf$3)
    __scatterload_copy                       0x080025a9   Thumb Code    14  handlers.o(i.__scatterload_copy)
    __scatterload_null                       0x080025b7   Thumb Code     2  handlers.o(i.__scatterload_null)
    __scatterload_zeroinit                   0x080025b9   Thumb Code    14  handlers.o(i.__scatterload_zeroinit)
    AHBPrescTable                            0x080027a0   Data          16  system_stm32f10x.o(.rodata.AHBPrescTable)
    Region$$Table$$Base                      0x080027f8   Number         0  anon$$obj.o(Region$$Table)
    Region$$Table$$Limit                     0x08002818   Number         0  anon$$obj.o(Region$$Table)
    __stdout                                 0x20000000   Data           4  stdout.o(.data)
    SystemCoreClock                          0x20000004   Data           4  system_stm32f10x.o(.data.SystemCoreClock)
    DutyCycle                                0x20000008   Data           2  stm32f10x_it.o(.bss.DutyCycle)
    Frequency                                0x2000000a   Data           2  stm32f10x_it.o(.bss.Frequency)
    IC2Value                                 0x2000000c   Data           2  stm32f10x_it.o(.bss.IC2Value)
    IC2Value1                                0x2000000e   Data           2  stm32f10x_it.o(.bss.IC2Value1)
    TIM_ICInitStructure                      0x20000010   Data          10  pwm_input.o(.bss.TIM_ICInitStructure)
    __initial_sp                             0x20000420   Data           0  startup_stm32f10x_hd.o(STACK)



==============================================================================

Memory Map of the image

  Image Entry point : 0x08000131

  Load Region LR_IROM1 (Base: 0x08000000, Size: 0x00002820, Max: 0x00080000, ABSOLUTE)

    Execution Region ER_IROM1 (Exec base: 0x08000000, Load base: 0x08000000, Size: 0x00002818, Max: 0x00080000, ABSOLUTE)

    Exec Addr    Load Addr    Size         Type   Attr      Idx    E Section Name        Object

    0x08000000   0x08000000   0x00000130   Data   RO            3    RESET               startup_stm32f10x_hd.o
    0x08000130   0x08000130   0x00000000   Code   RO          287  * .ARM.Collect$$$$00000000  mc_w.l(entry.o)
    0x08000130   0x08000130   0x00000004   Code   RO          553    .ARM.Collect$$$$00000001  mc_w.l(entry2.o)
    0x08000134   0x08000134   0x00000004   Code   RO          556    .ARM.Collect$$$$00000004  mc_w.l(entry5.o)
    0x08000138   0x08000138   0x00000000   Code   RO          558    .ARM.Collect$$$$00000008  mc_w.l(entry7b.o)
    0x08000138   0x08000138   0x00000000   Code   RO          560    .ARM.Collect$$$$0000000A  mc_w.l(entry8b.o)
    0x08000138   0x08000138   0x00000008   Code   RO          561    .ARM.Collect$$$$0000000B  mc_w.l(entry9a.o)
    0x08000140   0x08000140   0x00000000   Code   RO          563    .ARM.Collect$$$$0000000D  mc_w.l(entry10a.o)
    0x08000140   0x08000140   0x00000000   Code   RO          565    .ARM.Collect$$$$0000000F  mc_w.l(entry11a.o)
    0x08000140   0x08000140   0x00000004   Code   RO          554    .ARM.Collect$$$$00002712  mc_w.l(entry2.o)
    0x08000144   0x08000144   0x00000024   Code   RO            4    .text               startup_stm32f10x_hd.o
    0x08000168   0x08000168   0x00000026   Code   RO           10    .text               led.o
    0x0800018e   0x0800018e   0x00000002   PAD
    0x08000190   0x08000190   0x000000bc   Code   RO           17    .text               systick.o
    0x0800024c   0x0800024c   0x000000c0   Code   RO           25    .text               key.o
    0x0800030c   0x0800030c   0x0000005e   Code   RO           34    .text               exti.o
    0x0800036a   0x0800036a   0x00000002   PAD
    0x0800036c   0x0800036c   0x000000da   Code   RO           41    .text               pwm_output.o
    0x08000446   0x08000446   0x00000002   PAD
    0x08000448   0x08000448   0x000001c2   Code   RO           48    .text               usart.o
    0x0800060a   0x0800060a   0x00000002   PAD
    0x0800060c   0x0800060c   0x0000010c   Code   RO           57    .text               pwm_input.o
    0x08000718   0x08000718   0x000000f0   Code   RO           65    .text               main.o
    0x08000808   0x08000808   0x00000154   Code   RO           75    .text               stm32f10x_it.o
    0x0800095c   0x0800095c   0x000000bc   Code   RO           88    .text               misc.o
    0x08000a18   0x08000a18   0x000000f4   Code   RO          160    .text               stm32f10x_exti.o
    0x08000b0c   0x08000b0c   0x0000024a   Code   RO          185    .text               stm32f10x_gpio.o
    0x08000d56   0x08000d56   0x00000002   PAD
    0x08000d58   0x08000d58   0x0000036c   Code   RO          218    .text               stm32f10x_rcc.o
    0x080010c4   0x080010c4   0x00000f86   Code   RO          252    .text               stm32f10x_tim.o
    0x0800204a   0x0800204a   0x00000002   PAD
    0x0800204c   0x0800204c   0x0000036a   Code   RO          261    .text               stm32f10x_usart.o
    0x080023b6   0x080023b6   0x00000002   PAD
    0x080023b8   0x080023b8   0x0000017e   Code   RO          277    .text               system_stm32f10x.o
    0x08002536   0x08002536   0x0000002c   Code   RO          577    .text               mc_w.l(uidiv.o)
    0x08002562   0x08002562   0x00000002   PAD
    0x08002564   0x08002564   0x00000024   Code   RO          592    .text               mc_w.l(init.o)
    0x08002588   0x08002588   0x00000020   Code   RO          381    i.__0printf$3       mc_w.l(printf3.o)
    0x080025a8   0x080025a8   0x0000000e   Code   RO          604    i.__scatterload_copy  mc_w.l(handlers.o)
    0x080025b6   0x080025b6   0x00000002   Code   RO          605    i.__scatterload_null  mc_w.l(handlers.o)
    0x080025b8   0x080025b8   0x0000000e   Code   RO          606    i.__scatterload_zeroinit  mc_w.l(handlers.o)
    0x080025c6   0x080025c6   0x00000002   PAD
    0x080025c8   0x080025c8   0x000001b8   Code   RO          388    i._printf_core      mc_w.l(printf3.o)
    0x08002780   0x08002780   0x0000001c   Data   RO          187    .rodata..Lswitch.table.GPIO_DeInit.1  stm32f10x_gpio.o
    0x0800279c   0x0800279c   0x00000004   Data   RO          221    .rodata.ADCPrescTable  stm32f10x_rcc.o
    0x080027a0   0x080027a0   0x00000010   Data   RO          280    .rodata.AHBPrescTable  system_stm32f10x.o
    0x080027b0   0x080027b0   0x00000010   Data   RO          220    .rodata.APBAHBPrescTable  stm32f10x_rcc.o
    0x080027c0   0x080027c0   0x00000009   Data   RO           27    .rodata.str1.1      key.o
    0x080027c9   0x080027c9   0x0000001e   Data   RO           67    .rodata.str1.1      main.o
    0x080027e7   0x080027e7   0x00000010   Data   RO           81    .rodata.str1.1      stm32f10x_it.o
    0x080027f7   0x080027f7   0x00000001   PAD
    0x080027f8   0x080027f8   0x00000020   Data   RO          603    Region$$Table       anon$$obj.o


    Execution Region RW_IRAM1 (Exec base: 0x20000000, Load base: 0x08002818, Size: 0x00000420, Max: 0x00010000, ABSOLUTE)

    Exec Addr    Load Addr    Size         Type   Attr      Idx    E Section Name        Object

    0x20000000   0x08002818   0x00000004   Data   RW          567    .data               mc_w.l(stdout.o)
    0x20000004   0x0800281c   0x00000004   Data   RW          279    .data.SystemCoreClock  system_stm32f10x.o
    0x20000008        -       0x00000002   Zero   RW           79    .bss.DutyCycle      stm32f10x_it.o
    0x2000000a        -       0x00000002   Zero   RW           80    .bss.Frequency      stm32f10x_it.o
    0x2000000c        -       0x00000002   Zero   RW           77    .bss.IC2Value       stm32f10x_it.o
    0x2000000e        -       0x00000002   Zero   RW           78    .bss.IC2Value1      stm32f10x_it.o
    0x20000010        -       0x0000000a   Zero   RW           59    .bss.TIM_ICInitStructure  pwm_input.o
    0x2000001a   0x08002820   0x00000002   PAD
    0x2000001c        -       0x00000004   Zero   RW           19    .bss.TimeDelayUS    systick.o
    0x20000020        -       0x00000400   Zero   RW            1    STACK               startup_stm32f10x_hd.o


==============================================================================

Image component sizes


      Code (inc. data)   RO Data    RW Data    ZI Data      Debug   Object Name

        94          0          0          0          0       3584   exti.o
       192         44          9          0          0       1950   key.o
        38          0          0          0          0       1359   led.o
       240         88         30          0          0       1241   main.o
       188          0          0          0          0       2975   misc.o
       268          0          0          0         10       5046   pwm_input.o
       218          0          0          0          0       3180   pwm_output.o
        36          8        304          0       1024        812   startup_stm32f10x_hd.o
       244          0          0          0          0       2502   stm32f10x_exti.o
       586          0         28          0          0       5337   stm32f10x_gpio.o
       340         84         16          0          8       3045   stm32f10x_it.o
       876          0         20          0          0       7223   stm32f10x_rcc.o
      3974          0          0          0          0      25507   stm32f10x_tim.o
       874          0          0          0          0       7570   stm32f10x_usart.o
       382          0         16          4          0       2490   system_stm32f10x.o
       188          0          0          0          4       3674   systick.o
       450          0          0          0          0       3967   usart.o

    ----------------------------------------------------------------------
      9202        224        456          4       1048      81462   Object Totals
         0          0         32          0          0          0   (incl. Generated)
        14          0          1          0          2          0   (incl. Padding)

    ----------------------------------------------------------------------

      Code (inc. data)   RO Data    RW Data    ZI Data      Debug   Library Member Name

         0          0          0          0          0          0   entry.o
         0          0          0          0          0          0   entry10a.o
         0          0          0          0          0          0   entry11a.o
         8          4          0          0          0          0   entry2.o
         4          0          0          0          0          0   entry5.o
         0          0          0          0          0          0   entry7b.o
         0          0          0          0          0          0   entry8b.o
         8          4          0          0          0          0   entry9a.o
        30          0          0          0          0          0   handlers.o
        36          8          0          0          0         68   init.o
       472         14          0          0          0        184   printf3.o
         0          0          0          4          0          0   stdout.o
        44          0          0          0          0         80   uidiv.o

    ----------------------------------------------------------------------
       606         30          0          4          0        332   Library Totals
         4          0          0          0          0          0   (incl. Padding)

    ----------------------------------------------------------------------

      Code (inc. data)   RO Data    RW Data    ZI Data      Debug   Library Name

       602         30          0          4          0        332   mc_w.l

    ----------------------------------------------------------------------
       606         30          0          4          0        332   Library Totals

    ----------------------------------------------------------------------

==============================================================================


      Code (inc. data)   RO Data    RW Data    ZI Data      Debug   

      9808        254        456          8       1048      81594   Grand Totals
      9808        254        456          8       1048      81594   ELF Image Totals
      9808        254        456          8          0          0   ROM Totals

==============================================================================

    Total RO  Size (Code + RO Data)                10264 (  10.02kB)
    Total RW  Size (RW Data + ZI Data)              1056 (   1.03kB)
    Total ROM Size (Code + RO Data + RW Data)      10272 (  10.03kB)

==============================================================================

